[2025-04-23T13:52:56.495+0700] {local_task_job_runner.py:123} INFO - ::group::Pre task execution logs
[2025-04-23T13:52:56.500+0700] {taskinstance.py:2614} INFO - Dependencies all met for dep_context=non-requeueable deps ti=<TaskInstance: model_pipeline_v01.evaluate_model scheduled__2024-10-07T00:00:00+00:00 [queued]>
[2025-04-23T13:52:56.504+0700] {taskinstance.py:2614} INFO - Dependencies all met for dep_context=requeueable deps ti=<TaskInstance: model_pipeline_v01.evaluate_model scheduled__2024-10-07T00:00:00+00:00 [queued]>
[2025-04-23T13:52:56.504+0700] {taskinstance.py:2867} INFO - Starting attempt 1 of 6
[2025-04-23T13:52:56.563+0700] {taskinstance.py:2890} INFO - Executing <Task(PythonOperator): evaluate_model> on 2024-10-07 00:00:00+00:00
[2025-04-23T13:52:56.580+0700] {logging_mixin.py:190} WARNING - /home/minhle/miniconda3/lib/python3.12/site-packages/airflow/task/task_runner/standard_task_runner.py:70 DeprecationWarning: This process (pid=352267) is multi-threaded, use of fork() may lead to deadlocks in the child.
[2025-04-23T13:52:56.581+0700] {standard_task_runner.py:72} INFO - Started process 352338 to run task
[2025-04-23T13:52:56.580+0700] {standard_task_runner.py:104} INFO - Running: ['airflow', 'tasks', 'run', 'model_pipeline_v01', 'evaluate_model', 'scheduled__2024-10-07T00:00:00+00:00', '--job-id', '313', '--raw', '--subdir', 'DAGS_FOLDER/model_training.py', '--cfg-path', '/tmp/tmpfdsj75zn']
[2025-04-23T13:52:56.581+0700] {standard_task_runner.py:105} INFO - Job 313: Subtask evaluate_model
[2025-04-23T13:52:56.718+0700] {task_command.py:467} INFO - Running <TaskInstance: model_pipeline_v01.evaluate_model scheduled__2024-10-07T00:00:00+00:00 [running]> on host minhle-B760M-DS3H-DDR4
[2025-04-23T13:52:56.894+0700] {taskinstance.py:3134} INFO - Exporting env vars: AIRFLOW_CTX_DAG_OWNER='minhle' AIRFLOW_CTX_DAG_ID='model_pipeline_v01' AIRFLOW_CTX_TASK_ID='evaluate_model' AIRFLOW_CTX_EXECUTION_DATE='2024-10-07T00:00:00+00:00' AIRFLOW_CTX_TRY_NUMBER='1' AIRFLOW_CTX_DAG_RUN_ID='scheduled__2024-10-07T00:00:00+00:00'
[2025-04-23T13:52:56.896+0700] {taskinstance.py:732} INFO - ::endgroup::
[2025-04-23T13:52:56.988+0700] {logging_mixin.py:190} INFO - Classification Report:
[2025-04-23T13:52:56.988+0700] {logging_mixin.py:190} INFO -                precision    recall  f1-score   support

           0       0.93      0.93      0.93      5061
           1       0.94      0.94      0.94      6042

    accuracy                           0.94     11103
   macro avg       0.94      0.94      0.94     11103
weighted avg       0.94      0.94      0.94     11103
[2025-04-23T13:52:56.989+0700] {logging_mixin.py:190} INFO - Confusion Matrix:
[2025-04-23T13:52:56.989+0700] {logging_mixin.py:190} INFO -  [[4692  369]
 [ 337 5705]]
[2025-04-23T13:52:56.989+0700] {logging_mixin.py:190} INFO - Evaluation results:
Accuracy: 0.9364135819147978, Precision: 0.9363955382339229, Recall: 0.9364135819147978, F1: 0.9363967213020372, ROC AUC: 0.9785623176132352, PR AUC: 0.9702579401161013
[2025-04-23T13:52:56.989+0700] {python.py:240} INFO - Done. Returned value was: None
[2025-04-23T13:52:56.992+0700] {taskinstance.py:341} INFO - ::group::Post task execution logs
[2025-04-23T13:52:56.993+0700] {taskinstance.py:353} INFO - Marking task as SUCCESS. dag_id=model_pipeline_v01, task_id=evaluate_model, run_id=scheduled__2024-10-07T00:00:00+00:00, execution_date=20241007T000000, start_date=20250423T065256, end_date=20250423T065256
[2025-04-23T13:52:57.357+0700] {local_task_job_runner.py:266} INFO - Task exited with return code 0
[2025-04-23T13:52:57.363+0700] {taskinstance.py:3901} INFO - 0 downstream tasks scheduled from follow-on schedule check
[2025-04-23T13:52:57.363+0700] {local_task_job_runner.py:245} INFO - ::endgroup::
