[2025-04-23T13:57:01.464+0700] {local_task_job_runner.py:123} INFO - ::group::Pre task execution logs
[2025-04-23T13:57:01.470+0700] {taskinstance.py:2614} INFO - Dependencies all met for dep_context=non-requeueable deps ti=<TaskInstance: model_pipeline_v01.evaluate_model scheduled__2025-04-22T00:00:00+00:00 [queued]>
[2025-04-23T13:57:01.473+0700] {taskinstance.py:2614} INFO - Dependencies all met for dep_context=requeueable deps ti=<TaskInstance: model_pipeline_v01.evaluate_model scheduled__2025-04-22T00:00:00+00:00 [queued]>
[2025-04-23T13:57:01.473+0700] {taskinstance.py:2867} INFO - Starting attempt 1 of 6
[2025-04-23T13:57:01.545+0700] {taskinstance.py:2890} INFO - Executing <Task(PythonOperator): evaluate_model> on 2025-04-22 00:00:00+00:00
[2025-04-23T13:57:01.565+0700] {standard_task_runner.py:104} INFO - Running: ['airflow', 'tasks', 'run', 'model_pipeline_v01', 'evaluate_model', 'scheduled__2025-04-22T00:00:00+00:00', '--job-id', '327', '--raw', '--subdir', 'DAGS_FOLDER/model_training.py', '--cfg-path', '/tmp/tmpy39ij03f']
[2025-04-23T13:57:01.566+0700] {logging_mixin.py:190} WARNING - /home/minhle/miniconda3/lib/python3.12/site-packages/airflow/task/task_runner/standard_task_runner.py:70 DeprecationWarning: This process (pid=356399) is multi-threaded, use of fork() may lead to deadlocks in the child.
[2025-04-23T13:57:01.566+0700] {standard_task_runner.py:105} INFO - Job 327: Subtask evaluate_model
[2025-04-23T13:57:01.566+0700] {standard_task_runner.py:72} INFO - Started process 356468 to run task
[2025-04-23T13:57:01.640+0700] {task_command.py:467} INFO - Running <TaskInstance: model_pipeline_v01.evaluate_model scheduled__2025-04-22T00:00:00+00:00 [running]> on host minhle-B760M-DS3H-DDR4
[2025-04-23T13:57:01.783+0700] {taskinstance.py:3134} INFO - Exporting env vars: AIRFLOW_CTX_DAG_OWNER='minhle' AIRFLOW_CTX_DAG_ID='model_pipeline_v01' AIRFLOW_CTX_TASK_ID='evaluate_model' AIRFLOW_CTX_EXECUTION_DATE='2025-04-22T00:00:00+00:00' AIRFLOW_CTX_TRY_NUMBER='1' AIRFLOW_CTX_DAG_RUN_ID='scheduled__2025-04-22T00:00:00+00:00'
[2025-04-23T13:57:01.785+0700] {taskinstance.py:732} INFO - ::endgroup::
[2025-04-23T13:57:01.952+0700] {logging_mixin.py:190} INFO - Classification Report:
[2025-04-23T13:57:01.952+0700] {logging_mixin.py:190} INFO -                precision    recall  f1-score   support

           0       0.92      0.95      0.93      5061
           1       0.95      0.93      0.94      6042

    accuracy                           0.94     11103
   macro avg       0.94      0.94      0.94     11103
weighted avg       0.94      0.94      0.94     11103
[2025-04-23T13:57:01.952+0700] {logging_mixin.py:190} INFO - Confusion Matrix:
[2025-04-23T13:57:01.953+0700] {logging_mixin.py:190} INFO -  [[4792  269]
 [ 420 5622]]
[2025-04-23T13:57:01.953+0700] {logging_mixin.py:190} INFO - Evaluation results:
Accuracy: 0.9379446996307305, Precision: 0.9384196144703794, Recall: 0.9379446996307305, F1: 0.9380081431101684, ROC AUC: 0.9791966836112176, PR AUC: 0.9717103196296832
[2025-04-23T13:57:01.953+0700] {python.py:240} INFO - Done. Returned value was: None
[2025-04-23T13:57:01.955+0700] {taskinstance.py:341} INFO - ::group::Post task execution logs
[2025-04-23T13:57:01.955+0700] {taskinstance.py:353} INFO - Marking task as SUCCESS. dag_id=model_pipeline_v01, task_id=evaluate_model, run_id=scheduled__2025-04-22T00:00:00+00:00, execution_date=20250422T000000, start_date=20250423T065701, end_date=20250423T065701
[2025-04-23T13:57:02.143+0700] {local_task_job_runner.py:266} INFO - Task exited with return code 0
[2025-04-23T13:57:02.151+0700] {taskinstance.py:3901} INFO - 0 downstream tasks scheduled from follow-on schedule check
[2025-04-23T13:57:02.151+0700] {local_task_job_runner.py:245} INFO - ::endgroup::
