[2025-04-23T13:48:38.569+0700] {local_task_job_runner.py:123} INFO - ::group::Pre task execution logs
[2025-04-23T13:48:38.575+0700] {taskinstance.py:2614} INFO - Dependencies all met for dep_context=non-requeueable deps ti=<TaskInstance: data_pipeline_v01.transform_data scheduled__2024-11-19T00:00:00+00:00 [queued]>
[2025-04-23T13:48:38.578+0700] {taskinstance.py:2614} INFO - Dependencies all met for dep_context=requeueable deps ti=<TaskInstance: data_pipeline_v01.transform_data scheduled__2024-11-19T00:00:00+00:00 [queued]>
[2025-04-23T13:48:38.578+0700] {taskinstance.py:2867} INFO - Starting attempt 2 of 6
[2025-04-23T13:48:38.743+0700] {taskinstance.py:2890} INFO - Executing <Task(PythonOperator): transform_data> on 2024-11-19 00:00:00+00:00
[2025-04-23T13:48:38.762+0700] {standard_task_runner.py:104} INFO - Running: ['airflow', 'tasks', 'run', 'data_pipeline_v01', 'transform_data', 'scheduled__2024-11-19T00:00:00+00:00', '--job-id', '299', '--raw', '--subdir', 'DAGS_FOLDER/data_pipeline.py', '--cfg-path', '/tmp/tmpjv1wjvol']
[2025-04-23T13:48:38.763+0700] {standard_task_runner.py:105} INFO - Job 299: Subtask transform_data
[2025-04-23T13:48:38.765+0700] {logging_mixin.py:190} WARNING - /home/minhle/miniconda3/lib/python3.12/site-packages/airflow/task/task_runner/standard_task_runner.py:70 DeprecationWarning: This process (pid=348155) is multi-threaded, use of fork() may lead to deadlocks in the child.
[2025-04-23T13:48:38.765+0700] {standard_task_runner.py:72} INFO - Started process 348215 to run task
[2025-04-23T13:48:38.890+0700] {task_command.py:467} INFO - Running <TaskInstance: data_pipeline_v01.transform_data scheduled__2024-11-19T00:00:00+00:00 [running]> on host minhle-B760M-DS3H-DDR4
[2025-04-23T13:48:39.094+0700] {taskinstance.py:3134} INFO - Exporting env vars: AIRFLOW_CTX_DAG_OWNER='minhle' AIRFLOW_CTX_DAG_ID='data_pipeline_v01' AIRFLOW_CTX_TASK_ID='transform_data' AIRFLOW_CTX_EXECUTION_DATE='2024-11-19T00:00:00+00:00' AIRFLOW_CTX_TRY_NUMBER='2' AIRFLOW_CTX_DAG_RUN_ID='scheduled__2024-11-19T00:00:00+00:00'
[2025-04-23T13:48:39.096+0700] {taskinstance.py:732} INFO - ::endgroup::
[2025-04-23T13:48:39.213+0700] {logging_mixin.py:190} WARNING - /home/minhle/mlops/dags/data_pipeline.py:27 FutureWarning: Passing literal json to 'read_json' is deprecated and will be removed in a future version. To read from a literal string, wrap it in a 'StringIO' object.
[2025-04-23T13:48:39.703+0700] {logging_mixin.py:190} INFO - ✅ Got data from get_data:
[2025-04-23T13:48:39.712+0700] {logging_mixin.py:190} INFO -             user_id  age gender region_category  ... past_complaint          complaint_status               feedback churn_risk_score
0  9f420209e7d129f3   29      F            None  ...            Yes  No Information Available           Poor Website                1
1  ac6e97806267549e   50      M            None  ...            Yes  No Information Available  Poor Customer Service                1
2  a6aa19b1580eed4e   26      F            City  ...            Yes  No Information Available           Too many ads                0
3  aeee343277211c2f   63      F         Village  ...             No            Not Applicable           Too many ads                1
4  82448b5c8ce6390c   64      M            Town  ...             No            Not Applicable   Poor Product Quality                0

[5 rows x 22 columns]
[2025-04-23T13:48:41.198+0700] {python.py:240} INFO - Done. Returned value was: None
[2025-04-23T13:48:41.201+0700] {taskinstance.py:341} INFO - ::group::Post task execution logs
[2025-04-23T13:48:41.201+0700] {taskinstance.py:353} INFO - Marking task as SUCCESS. dag_id=data_pipeline_v01, task_id=transform_data, run_id=scheduled__2024-11-19T00:00:00+00:00, execution_date=20241119T000000, start_date=20250423T064838, end_date=20250423T064841
[2025-04-23T13:48:41.505+0700] {local_task_job_runner.py:266} INFO - Task exited with return code 0
[2025-04-23T13:48:41.512+0700] {taskinstance.py:3901} INFO - 0 downstream tasks scheduled from follow-on schedule check
[2025-04-23T13:48:41.513+0700] {local_task_job_runner.py:245} INFO - ::endgroup::
