[2025-04-23T13:47:25.518+0700] {local_task_job_runner.py:123} INFO - ::group::Pre task execution logs
[2025-04-23T13:47:25.523+0700] {taskinstance.py:2614} INFO - Dependencies all met for dep_context=non-requeueable deps ti=<TaskInstance: model_pipeline_v01.xgb_train scheduled__2024-10-09T00:00:00+00:00 [None]>
[2025-04-23T13:47:25.526+0700] {taskinstance.py:2614} INFO - Dependencies all met for dep_context=requeueable deps ti=<TaskInstance: model_pipeline_v01.xgb_train scheduled__2024-10-09T00:00:00+00:00 [None]>
[2025-04-23T13:47:25.526+0700] {taskinstance.py:2867} INFO - Starting attempt 1 of 7
[2025-04-23T13:47:25.593+0700] {taskinstance.py:2890} INFO - Executing <Task(PythonOperator): xgb_train> on 2024-10-09 00:00:00+00:00
[2025-04-23T13:47:25.616+0700] {logging_mixin.py:190} WARNING - /home/minhle/miniconda3/lib/python3.12/site-packages/airflow/task/task_runner/standard_task_runner.py:70 DeprecationWarning: This process (pid=346491) is multi-threaded, use of fork() may lead to deadlocks in the child.
[2025-04-23T13:47:25.615+0700] {standard_task_runner.py:104} INFO - Running: ['airflow', 'tasks', 'run', 'model_pipeline_v01', 'xgb_train', 'scheduled__2024-10-09T00:00:00+00:00', '--job-id', '307', '--raw', '--subdir', 'DAGS_FOLDER/model_training.py', '--cfg-path', '/tmp/tmpvaaacchq']
[2025-04-23T13:47:25.617+0700] {standard_task_runner.py:72} INFO - Started process 346566 to run task
[2025-04-23T13:47:25.617+0700] {standard_task_runner.py:105} INFO - Job 307: Subtask xgb_train
[2025-04-23T13:47:25.682+0700] {task_command.py:467} INFO - Running <TaskInstance: model_pipeline_v01.xgb_train scheduled__2024-10-09T00:00:00+00:00 [running]> on host minhle-B760M-DS3H-DDR4
[2025-04-23T13:47:25.841+0700] {taskinstance.py:3134} INFO - Exporting env vars: AIRFLOW_CTX_DAG_OWNER='minhle' AIRFLOW_CTX_DAG_ID='model_pipeline_v01' AIRFLOW_CTX_TASK_ID='xgb_train' AIRFLOW_CTX_EXECUTION_DATE='2024-10-09T00:00:00+00:00' AIRFLOW_CTX_TRY_NUMBER='1' AIRFLOW_CTX_DAG_RUN_ID='scheduled__2024-10-09T00:00:00+00:00'
[2025-04-23T13:47:25.843+0700] {taskinstance.py:732} INFO - ::endgroup::
[2025-04-23T13:47:58.975+0700] {python.py:240} INFO - Done. Returned value was: {'model_path': '/tmp/model2.pkl', 'auc': np.float64(0.9746905370135088)}
[2025-04-23T13:47:59.038+0700] {taskinstance.py:341} INFO - ::group::Post task execution logs
[2025-04-23T13:47:59.039+0700] {taskinstance.py:353} INFO - Marking task as SUCCESS. dag_id=model_pipeline_v01, task_id=xgb_train, run_id=scheduled__2024-10-09T00:00:00+00:00, execution_date=20241009T000000, start_date=20250423T064725, end_date=20250423T064759
[2025-04-23T13:47:59.210+0700] {local_task_job_runner.py:266} INFO - Task exited with return code 0
[2025-04-23T13:47:59.218+0700] {taskinstance.py:3901} INFO - 1 downstream tasks scheduled from follow-on schedule check
[2025-04-23T13:47:59.296+0700] {local_task_job_runner.py:245} INFO - ::endgroup::
[2025-04-23T13:53:19.989+0700] {local_task_job_runner.py:123} INFO - ::group::Pre task execution logs
[2025-04-23T13:53:20.024+0700] {taskinstance.py:2614} INFO - Dependencies all met for dep_context=non-requeueable deps ti=<TaskInstance: model_pipeline_v01.xgb_train scheduled__2024-10-09T00:00:00+00:00 [queued]>
[2025-04-23T13:53:20.027+0700] {taskinstance.py:2614} INFO - Dependencies all met for dep_context=requeueable deps ti=<TaskInstance: model_pipeline_v01.xgb_train scheduled__2024-10-09T00:00:00+00:00 [queued]>
[2025-04-23T13:53:20.027+0700] {taskinstance.py:2867} INFO - Starting attempt 1 of 6
[2025-04-23T13:53:20.140+0700] {taskinstance.py:2890} INFO - Executing <Task(PythonOperator): xgb_train> on 2024-10-09 00:00:00+00:00
[2025-04-23T13:53:20.163+0700] {logging_mixin.py:190} WARNING - /home/minhle/miniconda3/lib/python3.12/site-packages/airflow/task/task_runner/standard_task_runner.py:70 DeprecationWarning: This process (pid=352699) is multi-threaded, use of fork() may lead to deadlocks in the child.
[2025-04-23T13:53:20.162+0700] {standard_task_runner.py:104} INFO - Running: ['airflow', 'tasks', 'run', 'model_pipeline_v01', 'xgb_train', 'scheduled__2024-10-09T00:00:00+00:00', '--job-id', '315', '--raw', '--subdir', 'DAGS_FOLDER/model_training.py', '--cfg-path', '/tmp/tmpo0ath_yv']
[2025-04-23T13:53:20.163+0700] {standard_task_runner.py:72} INFO - Started process 352797 to run task
[2025-04-23T13:53:20.163+0700] {standard_task_runner.py:105} INFO - Job 315: Subtask xgb_train
[2025-04-23T13:53:20.235+0700] {task_command.py:467} INFO - Running <TaskInstance: model_pipeline_v01.xgb_train scheduled__2024-10-09T00:00:00+00:00 [running]> on host minhle-B760M-DS3H-DDR4
[2025-04-23T13:53:20.391+0700] {taskinstance.py:3134} INFO - Exporting env vars: AIRFLOW_CTX_DAG_OWNER='minhle' AIRFLOW_CTX_DAG_ID='model_pipeline_v01' AIRFLOW_CTX_TASK_ID='xgb_train' AIRFLOW_CTX_EXECUTION_DATE='2024-10-09T00:00:00+00:00' AIRFLOW_CTX_TRY_NUMBER='1' AIRFLOW_CTX_DAG_RUN_ID='scheduled__2024-10-09T00:00:00+00:00'
[2025-04-23T13:53:20.393+0700] {taskinstance.py:732} INFO - ::endgroup::
[2025-04-23T13:53:49.509+0700] {python.py:240} INFO - Done. Returned value was: {'model_path': '/tmp/model2.pkl', 'auc': np.float64(0.9748175013738294)}
[2025-04-23T13:53:49.588+0700] {taskinstance.py:341} INFO - ::group::Post task execution logs
[2025-04-23T13:53:49.589+0700] {taskinstance.py:353} INFO - Marking task as SUCCESS. dag_id=model_pipeline_v01, task_id=xgb_train, run_id=scheduled__2024-10-09T00:00:00+00:00, execution_date=20241009T000000, start_date=20250423T065320, end_date=20250423T065349
[2025-04-23T13:53:49.794+0700] {local_task_job_runner.py:266} INFO - Task exited with return code 0
[2025-04-23T13:53:49.805+0700] {taskinstance.py:3901} INFO - 1 downstream tasks scheduled from follow-on schedule check
[2025-04-23T13:53:49.922+0700] {local_task_job_runner.py:245} INFO - ::endgroup::
