[2025-04-23T13:48:27.731+0700] {local_task_job_runner.py:123} INFO - ::group::Pre task execution logs
[2025-04-23T13:48:27.735+0700] {taskinstance.py:2614} INFO - Dependencies all met for dep_context=non-requeueable deps ti=<TaskInstance: data_pipeline_v01.get_data scheduled__2024-11-20T00:00:00+00:00 [queued]>
[2025-04-23T13:48:27.737+0700] {taskinstance.py:2614} INFO - Dependencies all met for dep_context=requeueable deps ti=<TaskInstance: data_pipeline_v01.get_data scheduled__2024-11-20T00:00:00+00:00 [queued]>
[2025-04-23T13:48:27.737+0700] {taskinstance.py:2867} INFO - Starting attempt 1 of 6
[2025-04-23T13:48:27.892+0700] {taskinstance.py:2890} INFO - Executing <Task(PythonOperator): get_data> on 2024-11-20 00:00:00+00:00
[2025-04-23T13:48:27.902+0700] {standard_task_runner.py:104} INFO - Running: ['airflow', 'tasks', 'run', 'data_pipeline_v01', 'get_data', 'scheduled__2024-11-20T00:00:00+00:00', '--job-id', '296', '--raw', '--subdir', 'DAGS_FOLDER/data_pipeline.py', '--cfg-path', '/tmp/tmpwz7dreaq']
[2025-04-23T13:48:27.903+0700] {standard_task_runner.py:105} INFO - Job 296: Subtask get_data
[2025-04-23T13:48:27.905+0700] {logging_mixin.py:190} WARNING - /home/minhle/miniconda3/lib/python3.12/site-packages/airflow/task/task_runner/standard_task_runner.py:70 DeprecationWarning: This process (pid=347846) is multi-threaded, use of fork() may lead to deadlocks in the child.
[2025-04-23T13:48:27.905+0700] {standard_task_runner.py:72} INFO - Started process 347941 to run task
[2025-04-23T13:48:27.995+0700] {task_command.py:467} INFO - Running <TaskInstance: data_pipeline_v01.get_data scheduled__2024-11-20T00:00:00+00:00 [running]> on host minhle-B760M-DS3H-DDR4
[2025-04-23T13:48:28.093+0700] {local_task_job_runner.py:245} INFO - ::endgroup::
[2025-04-23T13:48:28.102+0700] {process_utils.py:132} INFO - Sending 15 to group 347941. PIDs of all processes in the group: [347941]
[2025-04-23T13:48:28.102+0700] {process_utils.py:87} INFO - Sending the signal 15 to group 347941
[2025-04-23T13:48:28.158+0700] {taskinstance.py:3094} ERROR - Received SIGTERM. Terminating subprocesses.
[2025-04-23T13:48:28.165+0700] {taskinstance.py:3095} ERROR - Stacktrace: 
  File "/home/minhle/miniconda3/bin/airflow", line 8, in <module>
    sys.exit(main())
  File "/home/minhle/miniconda3/lib/python3.12/site-packages/airflow/__main__.py", line 62, in main
    args.func(args)
  File "/home/minhle/miniconda3/lib/python3.12/site-packages/airflow/cli/cli_config.py", line 49, in command
    return func(*args, **kwargs)
  File "/home/minhle/miniconda3/lib/python3.12/site-packages/airflow/utils/cli.py", line 116, in wrapper
    return f(*args, **kwargs)
  File "/home/minhle/miniconda3/lib/python3.12/site-packages/airflow/cli/commands/task_command.py", line 483, in task_run
    task_return_code = _run_task_by_selected_method(args, _dag, ti)
  File "/home/minhle/miniconda3/lib/python3.12/site-packages/airflow/cli/commands/task_command.py", line 254, in _run_task_by_selected_method
    return _run_task_by_local_task_job(args, ti)
  File "/home/minhle/miniconda3/lib/python3.12/site-packages/airflow/cli/commands/task_command.py", line 322, in _run_task_by_local_task_job
    ret = run_job(job=job_runner.job, execute_callable=job_runner._execute)
  File "/home/minhle/miniconda3/lib/python3.12/site-packages/airflow/utils/session.py", line 97, in wrapper
    return func(*args, session=session, **kwargs)
  File "/home/minhle/miniconda3/lib/python3.12/site-packages/airflow/jobs/job.py", line 421, in run_job
    return execute_job(job, execute_callable=execute_callable)
  File "/home/minhle/miniconda3/lib/python3.12/site-packages/airflow/jobs/job.py", line 450, in execute_job
    ret = execute_callable()
  File "/home/minhle/miniconda3/lib/python3.12/site-packages/airflow/jobs/local_task_job_runner.py", line 171, in _execute
    self.task_runner.start()
  File "/home/minhle/miniconda3/lib/python3.12/site-packages/airflow/task/task_runner/standard_task_runner.py", line 55, in start
    self.process = self._start_by_fork()
  File "/home/minhle/miniconda3/lib/python3.12/site-packages/airflow/task/task_runner/standard_task_runner.py", line 117, in _start_by_fork
    ret = args.func(args, dag=self.dag)
  File "/home/minhle/miniconda3/lib/python3.12/site-packages/airflow/cli/cli_config.py", line 49, in command
    return func(*args, **kwargs)
  File "/home/minhle/miniconda3/lib/python3.12/site-packages/airflow/utils/cli.py", line 116, in wrapper
    return f(*args, **kwargs)
  File "/home/minhle/miniconda3/lib/python3.12/site-packages/airflow/cli/commands/task_command.py", line 483, in task_run
    task_return_code = _run_task_by_selected_method(args, _dag, ti)
  File "/home/minhle/miniconda3/lib/python3.12/site-packages/airflow/cli/commands/task_command.py", line 256, in _run_task_by_selected_method
    return _run_raw_task(args, ti)
  File "/home/minhle/miniconda3/lib/python3.12/site-packages/airflow/cli/commands/task_command.py", line 341, in _run_raw_task
    return ti._run_raw_task(
  File "/home/minhle/miniconda3/lib/python3.12/site-packages/airflow/utils/session.py", line 97, in wrapper
    return func(*args, session=session, **kwargs)
  File "/home/minhle/miniconda3/lib/python3.12/site-packages/airflow/models/taskinstance.py", line 3006, in _run_raw_task
    return _run_raw_task(
  File "/home/minhle/miniconda3/lib/python3.12/site-packages/airflow/models/taskinstance.py", line 274, in _run_raw_task
    TaskInstance._execute_task_with_callbacks(
  File "/home/minhle/miniconda3/lib/python3.12/site-packages/airflow/models/taskinstance.py", line 3125, in _execute_task_with_callbacks
    _update_rtif(ti=self, rendered_fields=rendered_fields)
  File "/home/minhle/miniconda3/lib/python3.12/site-packages/airflow/api_internal/internal_api_call.py", line 166, in wrapper
    return func(*args, **kwargs)
  File "/home/minhle/miniconda3/lib/python3.12/site-packages/airflow/utils/session.py", line 96, in wrapper
    with create_session() as session:
  File "/home/minhle/miniconda3/lib/python3.12/contextlib.py", line 144, in __exit__
    next(self.gen)
  File "/home/minhle/miniconda3/lib/python3.12/site-packages/airflow/utils/session.py", line 57, in create_session
    session.commit()
  File "/home/minhle/miniconda3/lib/python3.12/site-packages/sqlalchemy/orm/session.py", line 1454, in commit
    self._transaction.commit(_to_root=self.future)
  File "/home/minhle/miniconda3/lib/python3.12/site-packages/sqlalchemy/orm/session.py", line 839, in commit
    trans.commit()
  File "/home/minhle/miniconda3/lib/python3.12/site-packages/sqlalchemy/engine/base.py", line 2469, in commit
    self._do_commit()
  File "/home/minhle/miniconda3/lib/python3.12/site-packages/sqlalchemy/engine/base.py", line 2659, in _do_commit
    self._connection_commit_impl()
  File "/home/minhle/miniconda3/lib/python3.12/site-packages/sqlalchemy/engine/base.py", line 2630, in _connection_commit_impl
    self.connection._commit_impl()
  File "/home/minhle/miniconda3/lib/python3.12/site-packages/sqlalchemy/engine/base.py", line 1094, in _commit_impl
    self.engine.dialect.do_commit(self.connection)
  File "/home/minhle/miniconda3/lib/python3.12/site-packages/sqlalchemy/engine/default.py", line 686, in do_commit
    dbapi_connection.commit()
  File "/home/minhle/miniconda3/lib/python3.12/site-packages/airflow/models/taskinstance.py", line 3095, in signal_handler
    self.log.error("Stacktrace: \n%s", "".join(traceback.format_stack()))

[2025-04-23T13:48:28.174+0700] {taskinstance.py:3313} ERROR - Task failed with exception
Traceback (most recent call last):
  File "/home/minhle/miniconda3/lib/python3.12/site-packages/airflow/models/taskinstance.py", line 274, in _run_raw_task
    TaskInstance._execute_task_with_callbacks(
  File "/home/minhle/miniconda3/lib/python3.12/site-packages/airflow/models/taskinstance.py", line 3125, in _execute_task_with_callbacks
    _update_rtif(ti=self, rendered_fields=rendered_fields)
  File "/home/minhle/miniconda3/lib/python3.12/site-packages/airflow/api_internal/internal_api_call.py", line 166, in wrapper
    return func(*args, **kwargs)
           ^^^^^^^^^^^^^^^^^^^^^
  File "/home/minhle/miniconda3/lib/python3.12/site-packages/airflow/utils/session.py", line 96, in wrapper
    with create_session() as session:
         ^^^^^^^^^^^^^^^^
  File "/home/minhle/miniconda3/lib/python3.12/contextlib.py", line 144, in __exit__
    next(self.gen)
  File "/home/minhle/miniconda3/lib/python3.12/site-packages/airflow/utils/session.py", line 57, in create_session
    session.commit()
  File "/home/minhle/miniconda3/lib/python3.12/site-packages/sqlalchemy/orm/session.py", line 1454, in commit
    self._transaction.commit(_to_root=self.future)
  File "/home/minhle/miniconda3/lib/python3.12/site-packages/sqlalchemy/orm/session.py", line 839, in commit
    trans.commit()
  File "/home/minhle/miniconda3/lib/python3.12/site-packages/sqlalchemy/engine/base.py", line 2469, in commit
    self._do_commit()
  File "/home/minhle/miniconda3/lib/python3.12/site-packages/sqlalchemy/engine/base.py", line 2659, in _do_commit
    self._connection_commit_impl()
  File "/home/minhle/miniconda3/lib/python3.12/site-packages/sqlalchemy/engine/base.py", line 2630, in _connection_commit_impl
    self.connection._commit_impl()
  File "/home/minhle/miniconda3/lib/python3.12/site-packages/sqlalchemy/engine/base.py", line 1096, in _commit_impl
    self._handle_dbapi_exception(e, None, None, None, None)
  File "/home/minhle/miniconda3/lib/python3.12/site-packages/sqlalchemy/engine/base.py", line 2138, in _handle_dbapi_exception
    util.raise_(exc_info[1], with_traceback=exc_info[2])
  File "/home/minhle/miniconda3/lib/python3.12/site-packages/sqlalchemy/util/compat.py", line 211, in raise_
    raise exception
  File "/home/minhle/miniconda3/lib/python3.12/site-packages/sqlalchemy/engine/base.py", line 1094, in _commit_impl
    self.engine.dialect.do_commit(self.connection)
  File "/home/minhle/miniconda3/lib/python3.12/site-packages/sqlalchemy/engine/default.py", line 686, in do_commit
    dbapi_connection.commit()
  File "/home/minhle/miniconda3/lib/python3.12/site-packages/airflow/models/taskinstance.py", line 3097, in signal_handler
    raise AirflowTaskTerminated("Task received SIGTERM signal")
airflow.exceptions.AirflowTaskTerminated: Task received SIGTERM signal
[2025-04-23T13:48:28.282+0700] {taskinstance.py:1226} INFO - Marking task as UP_FOR_RETRY. dag_id=data_pipeline_v01, task_id=get_data, run_id=scheduled__2024-11-20T00:00:00+00:00, execution_date=20241120T000000, start_date=20250423T064827, end_date=20250423T064828
[2025-04-23T13:48:28.668+0700] {taskinstance.py:341} INFO - ::group::Post task execution logs
