[2025-04-23T13:38:39.248+0700] {local_task_job_runner.py:123} INFO - ::group::Pre task execution logs
[2025-04-23T13:38:39.252+0700] {taskinstance.py:2614} INFO - Dependencies all met for dep_context=non-requeueable deps ti=<TaskInstance: model_pipeline_v01.LGBM_train scheduled__2024-10-06T00:00:00+00:00 [queued]>
[2025-04-23T13:38:39.255+0700] {taskinstance.py:2614} INFO - Dependencies all met for dep_context=requeueable deps ti=<TaskInstance: model_pipeline_v01.LGBM_train scheduled__2024-10-06T00:00:00+00:00 [queued]>
[2025-04-23T13:38:39.255+0700] {taskinstance.py:2867} INFO - Starting attempt 1 of 6
[2025-04-23T13:38:39.323+0700] {taskinstance.py:2890} INFO - Executing <Task(PythonOperator): LGBM_train> on 2024-10-06 00:00:00+00:00
[2025-04-23T13:38:39.345+0700] {standard_task_runner.py:104} INFO - Running: ['airflow', 'tasks', 'run', 'model_pipeline_v01', 'LGBM_train', 'scheduled__2024-10-06T00:00:00+00:00', '--job-id', '285', '--raw', '--subdir', 'DAGS_FOLDER/model_training.py', '--cfg-path', '/tmp/tmpd9e8vnt7']
[2025-04-23T13:38:39.347+0700] {standard_task_runner.py:105} INFO - Job 285: Subtask LGBM_train
[2025-04-23T13:38:39.347+0700] {logging_mixin.py:190} WARNING - /home/minhle/miniconda3/lib/python3.12/site-packages/airflow/task/task_runner/standard_task_runner.py:70 DeprecationWarning: This process (pid=338724) is multi-threaded, use of fork() may lead to deadlocks in the child.
[2025-04-23T13:38:39.347+0700] {standard_task_runner.py:72} INFO - Started process 338794 to run task
[2025-04-23T13:38:39.445+0700] {task_command.py:467} INFO - Running <TaskInstance: model_pipeline_v01.LGBM_train scheduled__2024-10-06T00:00:00+00:00 [running]> on host minhle-B760M-DS3H-DDR4
[2025-04-23T13:38:39.617+0700] {taskinstance.py:3134} INFO - Exporting env vars: AIRFLOW_CTX_DAG_OWNER='minhle' AIRFLOW_CTX_DAG_ID='model_pipeline_v01' AIRFLOW_CTX_TASK_ID='LGBM_train' AIRFLOW_CTX_EXECUTION_DATE='2024-10-06T00:00:00+00:00' AIRFLOW_CTX_TRY_NUMBER='1' AIRFLOW_CTX_DAG_RUN_ID='scheduled__2024-10-06T00:00:00+00:00'
[2025-04-23T13:38:39.619+0700] {taskinstance.py:732} INFO - ::endgroup::
[2025-04-23T13:38:39.693+0700] {logging_mixin.py:190} WARNING - 2025/04/23 13:38:39 INFO mlflow.tracking.fluent: Experiment with name 'LGBM_Optuna' does not exist. Creating a new experiment.
[2025-04-23T13:38:49.716+0700] {python.py:240} INFO - Done. Returned value was: {'model_path': '/tmp/model1.pkl', 'auc': np.float64(0.9745626150958729)}
[2025-04-23T13:38:49.775+0700] {taskinstance.py:341} INFO - ::group::Post task execution logs
[2025-04-23T13:38:49.775+0700] {taskinstance.py:353} INFO - Marking task as SUCCESS. dag_id=model_pipeline_v01, task_id=LGBM_train, run_id=scheduled__2024-10-06T00:00:00+00:00, execution_date=20241006T000000, start_date=20250423T063839, end_date=20250423T063849
[2025-04-23T13:38:49.964+0700] {local_task_job_runner.py:266} INFO - Task exited with return code 0
[2025-04-23T13:38:49.981+0700] {dagrun.py:977} ERROR - Failed to get task for ti <TaskInstance: model_pipeline_v01.get_data scheduled__2024-10-06T00:00:00+00:00 [None]>. Marking it as removed.
[2025-04-23T13:38:49.983+0700] {taskinstance.py:3901} INFO - 0 downstream tasks scheduled from follow-on schedule check
[2025-04-23T13:38:50.031+0700] {local_task_job_runner.py:245} INFO - ::endgroup::
