[2025-04-23T13:43:59.970+0700] {local_task_job_runner.py:123} INFO - ::group::Pre task execution logs
[2025-04-23T13:43:59.978+0700] {taskinstance.py:2614} INFO - Dependencies all met for dep_context=non-requeueable deps ti=<TaskInstance: model_pipeline_v01.lgbm_train scheduled__2024-10-06T00:00:00+00:00 [queued]>
[2025-04-23T13:43:59.981+0700] {taskinstance.py:2614} INFO - Dependencies all met for dep_context=requeueable deps ti=<TaskInstance: model_pipeline_v01.lgbm_train scheduled__2024-10-06T00:00:00+00:00 [queued]>
[2025-04-23T13:43:59.981+0700] {taskinstance.py:2867} INFO - Starting attempt 1 of 6
[2025-04-23T13:44:00.051+0700] {taskinstance.py:2890} INFO - Executing <Task(PythonOperator): lgbm_train> on 2024-10-06 00:00:00+00:00
[2025-04-23T13:44:00.073+0700] {logging_mixin.py:190} WARNING - /home/minhle/miniconda3/lib/python3.12/site-packages/airflow/task/task_runner/standard_task_runner.py:70 DeprecationWarning: This process (pid=343766) is multi-threaded, use of fork() may lead to deadlocks in the child.
[2025-04-23T13:44:00.072+0700] {standard_task_runner.py:104} INFO - Running: ['airflow', 'tasks', 'run', 'model_pipeline_v01', 'lgbm_train', 'scheduled__2024-10-06T00:00:00+00:00', '--job-id', '300', '--raw', '--subdir', 'DAGS_FOLDER/model_training.py', '--cfg-path', '/tmp/tmpbun3i9vz']
[2025-04-23T13:44:00.073+0700] {standard_task_runner.py:105} INFO - Job 300: Subtask lgbm_train
[2025-04-23T13:44:00.073+0700] {standard_task_runner.py:72} INFO - Started process 343849 to run task
[2025-04-23T13:44:00.183+0700] {task_command.py:467} INFO - Running <TaskInstance: model_pipeline_v01.lgbm_train scheduled__2024-10-06T00:00:00+00:00 [running]> on host minhle-B760M-DS3H-DDR4
[2025-04-23T13:44:00.590+0700] {taskinstance.py:3134} INFO - Exporting env vars: AIRFLOW_CTX_DAG_OWNER='minhle' AIRFLOW_CTX_DAG_ID='model_pipeline_v01' AIRFLOW_CTX_TASK_ID='lgbm_train' AIRFLOW_CTX_EXECUTION_DATE='2024-10-06T00:00:00+00:00' AIRFLOW_CTX_TRY_NUMBER='1' AIRFLOW_CTX_DAG_RUN_ID='scheduled__2024-10-06T00:00:00+00:00'
[2025-04-23T13:44:00.593+0700] {taskinstance.py:732} INFO - ::endgroup::
[2025-04-23T13:44:14.958+0700] {python.py:240} INFO - Done. Returned value was: {'model_path': '/tmp/model1.pkl', 'auc': np.float64(0.9739505956977883)}
[2025-04-23T13:44:15.020+0700] {taskinstance.py:341} INFO - ::group::Post task execution logs
[2025-04-23T13:44:15.021+0700] {taskinstance.py:353} INFO - Marking task as SUCCESS. dag_id=model_pipeline_v01, task_id=lgbm_train, run_id=scheduled__2024-10-06T00:00:00+00:00, execution_date=20241006T000000, start_date=20250423T064359, end_date=20250423T064415
[2025-04-23T13:44:15.365+0700] {local_task_job_runner.py:266} INFO - Task exited with return code 0
[2025-04-23T13:44:15.384+0700] {taskinstance.py:3901} INFO - 0 downstream tasks scheduled from follow-on schedule check
[2025-04-23T13:44:15.384+0700] {local_task_job_runner.py:245} INFO - ::endgroup::
[2025-04-23T13:48:45.999+0700] {local_task_job_runner.py:123} INFO - ::group::Pre task execution logs
[2025-04-23T13:48:46.018+0700] {taskinstance.py:2614} INFO - Dependencies all met for dep_context=non-requeueable deps ti=<TaskInstance: model_pipeline_v01.lgbm_train scheduled__2024-10-06T00:00:00+00:00 [queued]>
[2025-04-23T13:48:46.021+0700] {taskinstance.py:2614} INFO - Dependencies all met for dep_context=requeueable deps ti=<TaskInstance: model_pipeline_v01.lgbm_train scheduled__2024-10-06T00:00:00+00:00 [queued]>
[2025-04-23T13:48:46.021+0700] {taskinstance.py:2867} INFO - Starting attempt 1 of 6
[2025-04-23T13:48:46.127+0700] {taskinstance.py:2890} INFO - Executing <Task(PythonOperator): lgbm_train> on 2024-10-06 00:00:00+00:00
[2025-04-23T13:48:46.150+0700] {logging_mixin.py:190} WARNING - /home/minhle/miniconda3/lib/python3.12/site-packages/airflow/task/task_runner/standard_task_runner.py:70 DeprecationWarning: This process (pid=348310) is multi-threaded, use of fork() may lead to deadlocks in the child.
[2025-04-23T13:48:46.148+0700] {standard_task_runner.py:104} INFO - Running: ['airflow', 'tasks', 'run', 'model_pipeline_v01', 'lgbm_train', 'scheduled__2024-10-06T00:00:00+00:00', '--job-id', '300', '--raw', '--subdir', 'DAGS_FOLDER/model_training.py', '--cfg-path', '/tmp/tmpl_xrn8c2']
[2025-04-23T13:48:46.150+0700] {standard_task_runner.py:72} INFO - Started process 348381 to run task
[2025-04-23T13:48:46.150+0700] {standard_task_runner.py:105} INFO - Job 300: Subtask lgbm_train
[2025-04-23T13:48:46.223+0700] {task_command.py:467} INFO - Running <TaskInstance: model_pipeline_v01.lgbm_train scheduled__2024-10-06T00:00:00+00:00 [running]> on host minhle-B760M-DS3H-DDR4
[2025-04-23T13:48:46.377+0700] {taskinstance.py:3134} INFO - Exporting env vars: AIRFLOW_CTX_DAG_OWNER='minhle' AIRFLOW_CTX_DAG_ID='model_pipeline_v01' AIRFLOW_CTX_TASK_ID='lgbm_train' AIRFLOW_CTX_EXECUTION_DATE='2024-10-06T00:00:00+00:00' AIRFLOW_CTX_TRY_NUMBER='1' AIRFLOW_CTX_DAG_RUN_ID='scheduled__2024-10-06T00:00:00+00:00'
[2025-04-23T13:48:46.379+0700] {taskinstance.py:732} INFO - ::endgroup::
[2025-04-23T13:48:56.918+0700] {python.py:240} INFO - Done. Returned value was: {'model_path': '/tmp/model1.pkl', 'auc': np.float64(0.9745159130139264)}
[2025-04-23T13:48:57.002+0700] {taskinstance.py:341} INFO - ::group::Post task execution logs
[2025-04-23T13:48:57.002+0700] {taskinstance.py:353} INFO - Marking task as SUCCESS. dag_id=model_pipeline_v01, task_id=lgbm_train, run_id=scheduled__2024-10-06T00:00:00+00:00, execution_date=20241006T000000, start_date=20250423T064846, end_date=20250423T064857
[2025-04-23T13:48:57.566+0700] {local_task_job_runner.py:266} INFO - Task exited with return code 0
[2025-04-23T13:48:57.587+0700] {taskinstance.py:3901} INFO - 0 downstream tasks scheduled from follow-on schedule check
[2025-04-23T13:48:57.588+0700] {local_task_job_runner.py:245} INFO - ::endgroup::
