[2025-04-23T13:47:10.037+0700] {local_task_job_runner.py:123} INFO - ::group::Pre task execution logs
[2025-04-23T13:47:10.042+0700] {taskinstance.py:2614} INFO - Dependencies all met for dep_context=non-requeueable deps ti=<TaskInstance: model_pipeline_v01.lgbm_train scheduled__2024-10-09T00:00:00+00:00 [queued]>
[2025-04-23T13:47:10.045+0700] {taskinstance.py:2614} INFO - Dependencies all met for dep_context=requeueable deps ti=<TaskInstance: model_pipeline_v01.lgbm_train scheduled__2024-10-09T00:00:00+00:00 [queued]>
[2025-04-23T13:47:10.045+0700] {taskinstance.py:2867} INFO - Starting attempt 1 of 6
[2025-04-23T13:47:10.153+0700] {taskinstance.py:2890} INFO - Executing <Task(PythonOperator): lgbm_train> on 2024-10-09 00:00:00+00:00
[2025-04-23T13:47:10.170+0700] {logging_mixin.py:190} WARNING - /home/minhle/miniconda3/lib/python3.12/site-packages/airflow/task/task_runner/standard_task_runner.py:70 DeprecationWarning: This process (pid=346245) is multi-threaded, use of fork() may lead to deadlocks in the child.
[2025-04-23T13:47:10.169+0700] {standard_task_runner.py:104} INFO - Running: ['airflow', 'tasks', 'run', 'model_pipeline_v01', 'lgbm_train', 'scheduled__2024-10-09T00:00:00+00:00', '--job-id', '306', '--raw', '--subdir', 'DAGS_FOLDER/model_training.py', '--cfg-path', '/tmp/tmpc46euuoy']
[2025-04-23T13:47:10.170+0700] {standard_task_runner.py:105} INFO - Job 306: Subtask lgbm_train
[2025-04-23T13:47:10.170+0700] {standard_task_runner.py:72} INFO - Started process 346315 to run task
[2025-04-23T13:47:10.242+0700] {task_command.py:467} INFO - Running <TaskInstance: model_pipeline_v01.lgbm_train scheduled__2024-10-09T00:00:00+00:00 [running]> on host minhle-B760M-DS3H-DDR4
[2025-04-23T13:47:10.408+0700] {taskinstance.py:3134} INFO - Exporting env vars: AIRFLOW_CTX_DAG_OWNER='minhle' AIRFLOW_CTX_DAG_ID='model_pipeline_v01' AIRFLOW_CTX_TASK_ID='lgbm_train' AIRFLOW_CTX_EXECUTION_DATE='2024-10-09T00:00:00+00:00' AIRFLOW_CTX_TRY_NUMBER='1' AIRFLOW_CTX_DAG_RUN_ID='scheduled__2024-10-09T00:00:00+00:00'
[2025-04-23T13:47:10.410+0700] {taskinstance.py:732} INFO - ::endgroup::
[2025-04-23T13:47:22.187+0700] {python.py:240} INFO - Done. Returned value was: {'model_path': '/tmp/model1.pkl', 'auc': np.float64(0.9745497511033774)}
[2025-04-23T13:47:22.254+0700] {taskinstance.py:341} INFO - ::group::Post task execution logs
[2025-04-23T13:47:22.254+0700] {taskinstance.py:353} INFO - Marking task as SUCCESS. dag_id=model_pipeline_v01, task_id=lgbm_train, run_id=scheduled__2024-10-09T00:00:00+00:00, execution_date=20241009T000000, start_date=20250423T064710, end_date=20250423T064722
[2025-04-23T13:47:22.468+0700] {local_task_job_runner.py:266} INFO - Task exited with return code 0
[2025-04-23T13:47:22.479+0700] {taskinstance.py:3901} INFO - 0 downstream tasks scheduled from follow-on schedule check
[2025-04-23T13:47:22.479+0700] {local_task_job_runner.py:245} INFO - ::endgroup::
[2025-04-23T13:53:03.007+0700] {local_task_job_runner.py:123} INFO - ::group::Pre task execution logs
[2025-04-23T13:53:03.021+0700] {taskinstance.py:2614} INFO - Dependencies all met for dep_context=non-requeueable deps ti=<TaskInstance: model_pipeline_v01.lgbm_train scheduled__2024-10-09T00:00:00+00:00 [queued]>
[2025-04-23T13:53:03.023+0700] {taskinstance.py:2614} INFO - Dependencies all met for dep_context=requeueable deps ti=<TaskInstance: model_pipeline_v01.lgbm_train scheduled__2024-10-09T00:00:00+00:00 [queued]>
[2025-04-23T13:53:03.023+0700] {taskinstance.py:2867} INFO - Starting attempt 1 of 6
[2025-04-23T13:53:03.097+0700] {taskinstance.py:2890} INFO - Executing <Task(PythonOperator): lgbm_train> on 2024-10-09 00:00:00+00:00
[2025-04-23T13:53:03.123+0700] {logging_mixin.py:190} WARNING - /home/minhle/miniconda3/lib/python3.12/site-packages/airflow/task/task_runner/standard_task_runner.py:70 DeprecationWarning: This process (pid=352462) is multi-threaded, use of fork() may lead to deadlocks in the child.
[2025-04-23T13:53:03.124+0700] {standard_task_runner.py:72} INFO - Started process 352518 to run task
[2025-04-23T13:53:03.122+0700] {standard_task_runner.py:104} INFO - Running: ['airflow', 'tasks', 'run', 'model_pipeline_v01', 'lgbm_train', 'scheduled__2024-10-09T00:00:00+00:00', '--job-id', '314', '--raw', '--subdir', 'DAGS_FOLDER/model_training.py', '--cfg-path', '/tmp/tmp6j6ecwke']
[2025-04-23T13:53:03.124+0700] {standard_task_runner.py:105} INFO - Job 314: Subtask lgbm_train
[2025-04-23T13:53:03.200+0700] {task_command.py:467} INFO - Running <TaskInstance: model_pipeline_v01.lgbm_train scheduled__2024-10-09T00:00:00+00:00 [running]> on host minhle-B760M-DS3H-DDR4
[2025-04-23T13:53:03.358+0700] {taskinstance.py:3134} INFO - Exporting env vars: AIRFLOW_CTX_DAG_OWNER='minhle' AIRFLOW_CTX_DAG_ID='model_pipeline_v01' AIRFLOW_CTX_TASK_ID='lgbm_train' AIRFLOW_CTX_EXECUTION_DATE='2024-10-09T00:00:00+00:00' AIRFLOW_CTX_TRY_NUMBER='1' AIRFLOW_CTX_DAG_RUN_ID='scheduled__2024-10-09T00:00:00+00:00'
[2025-04-23T13:53:03.360+0700] {taskinstance.py:732} INFO - ::endgroup::
[2025-04-23T13:53:16.458+0700] {python.py:240} INFO - Done. Returned value was: {'model_path': '/tmp/model1.pkl', 'auc': np.float64(0.9746744971497165)}
[2025-04-23T13:53:16.538+0700] {taskinstance.py:341} INFO - ::group::Post task execution logs
[2025-04-23T13:53:16.539+0700] {taskinstance.py:353} INFO - Marking task as SUCCESS. dag_id=model_pipeline_v01, task_id=lgbm_train, run_id=scheduled__2024-10-09T00:00:00+00:00, execution_date=20241009T000000, start_date=20250423T065303, end_date=20250423T065316
[2025-04-23T13:53:16.738+0700] {local_task_job_runner.py:266} INFO - Task exited with return code 0
[2025-04-23T13:53:16.756+0700] {taskinstance.py:3901} INFO - 0 downstream tasks scheduled from follow-on schedule check
[2025-04-23T13:53:16.757+0700] {local_task_job_runner.py:245} INFO - ::endgroup::
