[2025-04-23T13:53:56.627+0700] {local_task_job_runner.py:123} INFO - ::group::Pre task execution logs
[2025-04-23T13:53:56.632+0700] {taskinstance.py:2614} INFO - Dependencies all met for dep_context=non-requeueable deps ti=<TaskInstance: model_pipeline_v01.evaluate_model scheduled__2024-10-08T00:00:00+00:00 [queued]>
[2025-04-23T13:53:56.636+0700] {taskinstance.py:2614} INFO - Dependencies all met for dep_context=requeueable deps ti=<TaskInstance: model_pipeline_v01.evaluate_model scheduled__2024-10-08T00:00:00+00:00 [queued]>
[2025-04-23T13:53:56.636+0700] {taskinstance.py:2867} INFO - Starting attempt 1 of 6
[2025-04-23T13:53:56.757+0700] {taskinstance.py:2890} INFO - Executing <Task(PythonOperator): evaluate_model> on 2024-10-08 00:00:00+00:00
[2025-04-23T13:53:56.780+0700] {standard_task_runner.py:104} INFO - Running: ['airflow', 'tasks', 'run', 'model_pipeline_v01', 'evaluate_model', 'scheduled__2024-10-08T00:00:00+00:00', '--job-id', '317', '--raw', '--subdir', 'DAGS_FOLDER/model_training.py', '--cfg-path', '/tmp/tmpru14asfm']
[2025-04-23T13:53:56.782+0700] {standard_task_runner.py:105} INFO - Job 317: Subtask evaluate_model
[2025-04-23T13:53:56.782+0700] {logging_mixin.py:190} WARNING - /home/minhle/miniconda3/lib/python3.12/site-packages/airflow/task/task_runner/standard_task_runner.py:70 DeprecationWarning: This process (pid=353302) is multi-threaded, use of fork() may lead to deadlocks in the child.
[2025-04-23T13:53:56.782+0700] {standard_task_runner.py:72} INFO - Started process 353371 to run task
[2025-04-23T13:53:56.918+0700] {task_command.py:467} INFO - Running <TaskInstance: model_pipeline_v01.evaluate_model scheduled__2024-10-08T00:00:00+00:00 [running]> on host minhle-B760M-DS3H-DDR4
[2025-04-23T13:53:57.088+0700] {taskinstance.py:3134} INFO - Exporting env vars: AIRFLOW_CTX_DAG_OWNER='minhle' AIRFLOW_CTX_DAG_ID='model_pipeline_v01' AIRFLOW_CTX_TASK_ID='evaluate_model' AIRFLOW_CTX_EXECUTION_DATE='2024-10-08T00:00:00+00:00' AIRFLOW_CTX_TRY_NUMBER='1' AIRFLOW_CTX_DAG_RUN_ID='scheduled__2024-10-08T00:00:00+00:00'
[2025-04-23T13:53:57.090+0700] {taskinstance.py:732} INFO - ::endgroup::
[2025-04-23T13:53:57.203+0700] {logging_mixin.py:190} INFO - Classification Report:
[2025-04-23T13:53:57.203+0700] {logging_mixin.py:190} INFO -                precision    recall  f1-score   support

           0       0.93      0.94      0.93      5061
           1       0.95      0.94      0.94      6042

    accuracy                           0.94     11103
   macro avg       0.94      0.94      0.94     11103
weighted avg       0.94      0.94      0.94     11103
[2025-04-23T13:53:57.204+0700] {logging_mixin.py:190} INFO - Confusion Matrix:
[2025-04-23T13:53:57.205+0700] {logging_mixin.py:190} INFO -  [[4740  321]
 [ 381 5661]]
[2025-04-23T13:53:57.205+0700] {logging_mixin.py:190} INFO - Evaluation results:
Accuracy: 0.936773844906782, Precision: 0.9368859148791822, Recall: 0.936773844906782, F1: 0.9368023830420812, ROC AUC: 0.9783380428419101, PR AUC: 0.9691583604071108
[2025-04-23T13:53:57.205+0700] {python.py:240} INFO - Done. Returned value was: None
[2025-04-23T13:53:57.207+0700] {taskinstance.py:341} INFO - ::group::Post task execution logs
[2025-04-23T13:53:57.207+0700] {taskinstance.py:353} INFO - Marking task as SUCCESS. dag_id=model_pipeline_v01, task_id=evaluate_model, run_id=scheduled__2024-10-08T00:00:00+00:00, execution_date=20241008T000000, start_date=20250423T065356, end_date=20250423T065357
[2025-04-23T13:53:57.438+0700] {local_task_job_runner.py:266} INFO - Task exited with return code 0
[2025-04-23T13:53:57.456+0700] {taskinstance.py:3901} INFO - 0 downstream tasks scheduled from follow-on schedule check
[2025-04-23T13:53:57.457+0700] {local_task_job_runner.py:245} INFO - ::endgroup::
