[2025-04-23T13:45:16.544+0700] {local_task_job_runner.py:123} INFO - ::group::Pre task execution logs
[2025-04-23T13:45:16.549+0700] {taskinstance.py:2614} INFO - Dependencies all met for dep_context=non-requeueable deps ti=<TaskInstance: model_pipeline_v01.xgb_train scheduled__2024-10-07T00:00:00+00:00 [queued]>
[2025-04-23T13:45:16.551+0700] {taskinstance.py:2614} INFO - Dependencies all met for dep_context=requeueable deps ti=<TaskInstance: model_pipeline_v01.xgb_train scheduled__2024-10-07T00:00:00+00:00 [queued]>
[2025-04-23T13:45:16.552+0700] {taskinstance.py:2867} INFO - Starting attempt 1 of 6
[2025-04-23T13:45:16.637+0700] {taskinstance.py:2890} INFO - Executing <Task(PythonOperator): xgb_train> on 2024-10-07 00:00:00+00:00
[2025-04-23T13:45:16.663+0700] {standard_task_runner.py:104} INFO - Running: ['airflow', 'tasks', 'run', 'model_pipeline_v01', 'xgb_train', 'scheduled__2024-10-07T00:00:00+00:00', '--job-id', '303', '--raw', '--subdir', 'DAGS_FOLDER/model_training.py', '--cfg-path', '/tmp/tmps9qvl0o4']
[2025-04-23T13:45:16.666+0700] {standard_task_runner.py:105} INFO - Job 303: Subtask xgb_train
[2025-04-23T13:45:16.666+0700] {logging_mixin.py:190} WARNING - /home/minhle/miniconda3/lib/python3.12/site-packages/airflow/task/task_runner/standard_task_runner.py:70 DeprecationWarning: This process (pid=344919) is multi-threaded, use of fork() may lead to deadlocks in the child.
[2025-04-23T13:45:16.666+0700] {standard_task_runner.py:72} INFO - Started process 345004 to run task
[2025-04-23T13:45:16.761+0700] {task_command.py:467} INFO - Running <TaskInstance: model_pipeline_v01.xgb_train scheduled__2024-10-07T00:00:00+00:00 [running]> on host minhle-B760M-DS3H-DDR4
[2025-04-23T13:45:16.901+0700] {taskinstance.py:3134} INFO - Exporting env vars: AIRFLOW_CTX_DAG_OWNER='minhle' AIRFLOW_CTX_DAG_ID='model_pipeline_v01' AIRFLOW_CTX_TASK_ID='xgb_train' AIRFLOW_CTX_EXECUTION_DATE='2024-10-07T00:00:00+00:00' AIRFLOW_CTX_TRY_NUMBER='1' AIRFLOW_CTX_DAG_RUN_ID='scheduled__2024-10-07T00:00:00+00:00'
[2025-04-23T13:45:16.903+0700] {taskinstance.py:732} INFO - ::endgroup::
[2025-04-23T13:46:01.171+0700] {python.py:240} INFO - Done. Returned value was: {'model_path': '/tmp/model2.pkl', 'auc': np.float64(0.9748844907946811)}
[2025-04-23T13:46:01.241+0700] {taskinstance.py:341} INFO - ::group::Post task execution logs
[2025-04-23T13:46:01.242+0700] {taskinstance.py:353} INFO - Marking task as SUCCESS. dag_id=model_pipeline_v01, task_id=xgb_train, run_id=scheduled__2024-10-07T00:00:00+00:00, execution_date=20241007T000000, start_date=20250423T064516, end_date=20250423T064601
[2025-04-23T13:46:01.469+0700] {local_task_job_runner.py:266} INFO - Task exited with return code 0
[2025-04-23T13:46:01.492+0700] {taskinstance.py:3901} INFO - 1 downstream tasks scheduled from follow-on schedule check
[2025-04-23T13:46:01.556+0700] {local_task_job_runner.py:245} INFO - ::endgroup::
[2025-04-23T13:51:08.525+0700] {local_task_job_runner.py:123} INFO - ::group::Pre task execution logs
[2025-04-23T13:51:08.544+0700] {taskinstance.py:2614} INFO - Dependencies all met for dep_context=non-requeueable deps ti=<TaskInstance: model_pipeline_v01.xgb_train scheduled__2024-10-07T00:00:00+00:00 [queued]>
[2025-04-23T13:51:08.547+0700] {taskinstance.py:2614} INFO - Dependencies all met for dep_context=requeueable deps ti=<TaskInstance: model_pipeline_v01.xgb_train scheduled__2024-10-07T00:00:00+00:00 [queued]>
[2025-04-23T13:51:08.547+0700] {taskinstance.py:2867} INFO - Starting attempt 1 of 6
[2025-04-23T13:51:08.622+0700] {taskinstance.py:2890} INFO - Executing <Task(PythonOperator): xgb_train> on 2024-10-07 00:00:00+00:00
[2025-04-23T13:51:08.643+0700] {standard_task_runner.py:104} INFO - Running: ['airflow', 'tasks', 'run', 'model_pipeline_v01', 'xgb_train', 'scheduled__2024-10-07T00:00:00+00:00', '--job-id', '307', '--raw', '--subdir', 'DAGS_FOLDER/model_training.py', '--cfg-path', '/tmp/tmpvyhpez7d']
[2025-04-23T13:51:08.645+0700] {standard_task_runner.py:105} INFO - Job 307: Subtask xgb_train
[2025-04-23T13:51:08.645+0700] {logging_mixin.py:190} WARNING - /home/minhle/miniconda3/lib/python3.12/site-packages/airflow/task/task_runner/standard_task_runner.py:70 DeprecationWarning: This process (pid=350523) is multi-threaded, use of fork() may lead to deadlocks in the child.
[2025-04-23T13:51:08.645+0700] {standard_task_runner.py:72} INFO - Started process 350594 to run task
[2025-04-23T13:51:08.731+0700] {task_command.py:467} INFO - Running <TaskInstance: model_pipeline_v01.xgb_train scheduled__2024-10-07T00:00:00+00:00 [running]> on host minhle-B760M-DS3H-DDR4
[2025-04-23T13:51:08.886+0700] {taskinstance.py:3134} INFO - Exporting env vars: AIRFLOW_CTX_DAG_OWNER='minhle' AIRFLOW_CTX_DAG_ID='model_pipeline_v01' AIRFLOW_CTX_TASK_ID='xgb_train' AIRFLOW_CTX_EXECUTION_DATE='2024-10-07T00:00:00+00:00' AIRFLOW_CTX_TRY_NUMBER='1' AIRFLOW_CTX_DAG_RUN_ID='scheduled__2024-10-07T00:00:00+00:00'
[2025-04-23T13:51:08.887+0700] {taskinstance.py:732} INFO - ::endgroup::
[2025-04-23T13:51:42.066+0700] {python.py:240} INFO - Done. Returned value was: {'model_path': '/tmp/model2.pkl', 'auc': np.float64(0.9747893564656158)}
[2025-04-23T13:51:42.135+0700] {taskinstance.py:341} INFO - ::group::Post task execution logs
[2025-04-23T13:51:42.136+0700] {taskinstance.py:353} INFO - Marking task as SUCCESS. dag_id=model_pipeline_v01, task_id=xgb_train, run_id=scheduled__2024-10-07T00:00:00+00:00, execution_date=20241007T000000, start_date=20250423T065108, end_date=20250423T065142
[2025-04-23T13:51:42.557+0700] {local_task_job_runner.py:266} INFO - Task exited with return code 0
[2025-04-23T13:51:42.595+0700] {taskinstance.py:3901} INFO - 1 downstream tasks scheduled from follow-on schedule check
[2025-04-23T13:51:42.657+0700] {local_task_job_runner.py:245} INFO - ::endgroup::
