[2025-04-23T13:46:04.732+0700] {local_task_job_runner.py:123} INFO - ::group::Pre task execution logs
[2025-04-23T13:46:04.736+0700] {taskinstance.py:2614} INFO - Dependencies all met for dep_context=non-requeueable deps ti=<TaskInstance: model_pipeline_v01.lgbm_train scheduled__2024-10-08T00:00:00+00:00 [queued]>
[2025-04-23T13:46:04.739+0700] {taskinstance.py:2614} INFO - Dependencies all met for dep_context=requeueable deps ti=<TaskInstance: model_pipeline_v01.lgbm_train scheduled__2024-10-08T00:00:00+00:00 [queued]>
[2025-04-23T13:46:04.739+0700] {taskinstance.py:2867} INFO - Starting attempt 1 of 6
[2025-04-23T13:46:04.807+0700] {taskinstance.py:2890} INFO - Executing <Task(PythonOperator): lgbm_train> on 2024-10-08 00:00:00+00:00
[2025-04-23T13:46:04.835+0700] {standard_task_runner.py:104} INFO - Running: ['airflow', 'tasks', 'run', 'model_pipeline_v01', 'lgbm_train', 'scheduled__2024-10-08T00:00:00+00:00', '--job-id', '304', '--raw', '--subdir', 'DAGS_FOLDER/model_training.py', '--cfg-path', '/tmp/tmph2_z0j9c']
[2025-04-23T13:46:04.838+0700] {standard_task_runner.py:105} INFO - Job 304: Subtask lgbm_train
[2025-04-23T13:46:04.838+0700] {logging_mixin.py:190} WARNING - /home/minhle/miniconda3/lib/python3.12/site-packages/airflow/task/task_runner/standard_task_runner.py:70 DeprecationWarning: This process (pid=345570) is multi-threaded, use of fork() may lead to deadlocks in the child.
[2025-04-23T13:46:04.839+0700] {standard_task_runner.py:72} INFO - Started process 345638 to run task
[2025-04-23T13:46:04.936+0700] {task_command.py:467} INFO - Running <TaskInstance: model_pipeline_v01.lgbm_train scheduled__2024-10-08T00:00:00+00:00 [running]> on host minhle-B760M-DS3H-DDR4
[2025-04-23T13:46:05.095+0700] {taskinstance.py:3134} INFO - Exporting env vars: AIRFLOW_CTX_DAG_OWNER='minhle' AIRFLOW_CTX_DAG_ID='model_pipeline_v01' AIRFLOW_CTX_TASK_ID='lgbm_train' AIRFLOW_CTX_EXECUTION_DATE='2024-10-08T00:00:00+00:00' AIRFLOW_CTX_TRY_NUMBER='1' AIRFLOW_CTX_DAG_RUN_ID='scheduled__2024-10-08T00:00:00+00:00'
[2025-04-23T13:46:05.097+0700] {taskinstance.py:732} INFO - ::endgroup::
[2025-04-23T13:46:15.591+0700] {python.py:240} INFO - Done. Returned value was: {'model_path': '/tmp/model1.pkl', 'auc': np.float64(0.9742676595615946)}
[2025-04-23T13:46:15.677+0700] {taskinstance.py:341} INFO - ::group::Post task execution logs
[2025-04-23T13:46:15.677+0700] {taskinstance.py:353} INFO - Marking task as SUCCESS. dag_id=model_pipeline_v01, task_id=lgbm_train, run_id=scheduled__2024-10-08T00:00:00+00:00, execution_date=20241008T000000, start_date=20250423T064604, end_date=20250423T064615
[2025-04-23T13:46:15.879+0700] {local_task_job_runner.py:266} INFO - Task exited with return code 0
[2025-04-23T13:46:15.891+0700] {taskinstance.py:3901} INFO - 0 downstream tasks scheduled from follow-on schedule check
[2025-04-23T13:46:15.891+0700] {local_task_job_runner.py:245} INFO - ::endgroup::
[2025-04-23T13:52:01.678+0700] {local_task_job_runner.py:123} INFO - ::group::Pre task execution logs
[2025-04-23T13:52:01.721+0700] {taskinstance.py:2614} INFO - Dependencies all met for dep_context=non-requeueable deps ti=<TaskInstance: model_pipeline_v01.lgbm_train scheduled__2024-10-08T00:00:00+00:00 [queued]>
[2025-04-23T13:52:01.725+0700] {taskinstance.py:2614} INFO - Dependencies all met for dep_context=requeueable deps ti=<TaskInstance: model_pipeline_v01.lgbm_train scheduled__2024-10-08T00:00:00+00:00 [queued]>
[2025-04-23T13:52:01.725+0700] {taskinstance.py:2867} INFO - Starting attempt 1 of 6
[2025-04-23T13:52:01.927+0700] {taskinstance.py:2890} INFO - Executing <Task(PythonOperator): lgbm_train> on 2024-10-08 00:00:00+00:00
[2025-04-23T13:52:01.949+0700] {standard_task_runner.py:104} INFO - Running: ['airflow', 'tasks', 'run', 'model_pipeline_v01', 'lgbm_train', 'scheduled__2024-10-08T00:00:00+00:00', '--job-id', '311', '--raw', '--subdir', 'DAGS_FOLDER/model_training.py', '--cfg-path', '/tmp/tmp_glkam4b']
[2025-04-23T13:52:01.955+0700] {standard_task_runner.py:105} INFO - Job 311: Subtask lgbm_train
[2025-04-23T13:52:01.956+0700] {logging_mixin.py:190} WARNING - /home/minhle/miniconda3/lib/python3.12/site-packages/airflow/task/task_runner/standard_task_runner.py:70 DeprecationWarning: This process (pid=351454) is multi-threaded, use of fork() may lead to deadlocks in the child.
[2025-04-23T13:52:01.958+0700] {standard_task_runner.py:72} INFO - Started process 351508 to run task
[2025-04-23T13:52:02.048+0700] {task_command.py:467} INFO - Running <TaskInstance: model_pipeline_v01.lgbm_train scheduled__2024-10-08T00:00:00+00:00 [running]> on host minhle-B760M-DS3H-DDR4
[2025-04-23T13:52:02.191+0700] {taskinstance.py:3134} INFO - Exporting env vars: AIRFLOW_CTX_DAG_OWNER='minhle' AIRFLOW_CTX_DAG_ID='model_pipeline_v01' AIRFLOW_CTX_TASK_ID='lgbm_train' AIRFLOW_CTX_EXECUTION_DATE='2024-10-08T00:00:00+00:00' AIRFLOW_CTX_TRY_NUMBER='1' AIRFLOW_CTX_DAG_RUN_ID='scheduled__2024-10-08T00:00:00+00:00'
[2025-04-23T13:52:02.193+0700] {taskinstance.py:732} INFO - ::endgroup::
[2025-04-23T13:52:13.527+0700] {python.py:240} INFO - Done. Returned value was: {'model_path': '/tmp/model1.pkl', 'auc': np.float64(0.9750871810670494)}
[2025-04-23T13:52:13.609+0700] {taskinstance.py:341} INFO - ::group::Post task execution logs
[2025-04-23T13:52:13.610+0700] {taskinstance.py:353} INFO - Marking task as SUCCESS. dag_id=model_pipeline_v01, task_id=lgbm_train, run_id=scheduled__2024-10-08T00:00:00+00:00, execution_date=20241008T000000, start_date=20250423T065201, end_date=20250423T065213
[2025-04-23T13:52:13.819+0700] {local_task_job_runner.py:266} INFO - Task exited with return code 0
[2025-04-23T13:52:13.850+0700] {taskinstance.py:3901} INFO - 0 downstream tasks scheduled from follow-on schedule check
[2025-04-23T13:52:13.850+0700] {local_task_job_runner.py:245} INFO - ::endgroup::
