[2025-04-23T13:46:18.902+0700] {local_task_job_runner.py:123} INFO - ::group::Pre task execution logs
[2025-04-23T13:46:18.907+0700] {taskinstance.py:2614} INFO - Dependencies all met for dep_context=non-requeueable deps ti=<TaskInstance: model_pipeline_v01.xgb_train scheduled__2024-10-08T00:00:00+00:00 [queued]>
[2025-04-23T13:46:18.910+0700] {taskinstance.py:2614} INFO - Dependencies all met for dep_context=requeueable deps ti=<TaskInstance: model_pipeline_v01.xgb_train scheduled__2024-10-08T00:00:00+00:00 [queued]>
[2025-04-23T13:46:18.910+0700] {taskinstance.py:2867} INFO - Starting attempt 1 of 6
[2025-04-23T13:46:18.977+0700] {taskinstance.py:2890} INFO - Executing <Task(PythonOperator): xgb_train> on 2024-10-08 00:00:00+00:00
[2025-04-23T13:46:18.996+0700] {logging_mixin.py:190} WARNING - /home/minhle/miniconda3/lib/python3.12/site-packages/airflow/task/task_runner/standard_task_runner.py:70 DeprecationWarning: This process (pid=345759) is multi-threaded, use of fork() may lead to deadlocks in the child.
[2025-04-23T13:46:18.995+0700] {standard_task_runner.py:104} INFO - Running: ['airflow', 'tasks', 'run', 'model_pipeline_v01', 'xgb_train', 'scheduled__2024-10-08T00:00:00+00:00', '--job-id', '305', '--raw', '--subdir', 'DAGS_FOLDER/model_training.py', '--cfg-path', '/tmp/tmp9rtfvldb']
[2025-04-23T13:46:18.996+0700] {standard_task_runner.py:105} INFO - Job 305: Subtask xgb_train
[2025-04-23T13:46:18.996+0700] {standard_task_runner.py:72} INFO - Started process 345814 to run task
[2025-04-23T13:46:19.075+0700] {task_command.py:467} INFO - Running <TaskInstance: model_pipeline_v01.xgb_train scheduled__2024-10-08T00:00:00+00:00 [running]> on host minhle-B760M-DS3H-DDR4
[2025-04-23T13:46:19.224+0700] {taskinstance.py:3134} INFO - Exporting env vars: AIRFLOW_CTX_DAG_OWNER='minhle' AIRFLOW_CTX_DAG_ID='model_pipeline_v01' AIRFLOW_CTX_TASK_ID='xgb_train' AIRFLOW_CTX_EXECUTION_DATE='2024-10-08T00:00:00+00:00' AIRFLOW_CTX_TRY_NUMBER='1' AIRFLOW_CTX_DAG_RUN_ID='scheduled__2024-10-08T00:00:00+00:00'
[2025-04-23T13:46:19.226+0700] {taskinstance.py:732} INFO - ::endgroup::
[2025-04-23T13:47:06.449+0700] {python.py:240} INFO - Done. Returned value was: {'model_path': '/tmp/model2.pkl', 'auc': np.float64(0.9744482972883908)}
[2025-04-23T13:47:06.536+0700] {taskinstance.py:341} INFO - ::group::Post task execution logs
[2025-04-23T13:47:06.537+0700] {taskinstance.py:353} INFO - Marking task as SUCCESS. dag_id=model_pipeline_v01, task_id=xgb_train, run_id=scheduled__2024-10-08T00:00:00+00:00, execution_date=20241008T000000, start_date=20250423T064618, end_date=20250423T064706
[2025-04-23T13:47:06.735+0700] {local_task_job_runner.py:266} INFO - Task exited with return code 0
[2025-04-23T13:47:06.749+0700] {taskinstance.py:3901} INFO - 1 downstream tasks scheduled from follow-on schedule check
[2025-04-23T13:47:06.831+0700] {local_task_job_runner.py:245} INFO - ::endgroup::
[2025-04-23T13:52:16.931+0700] {local_task_job_runner.py:123} INFO - ::group::Pre task execution logs
[2025-04-23T13:52:16.942+0700] {taskinstance.py:2614} INFO - Dependencies all met for dep_context=non-requeueable deps ti=<TaskInstance: model_pipeline_v01.xgb_train scheduled__2024-10-08T00:00:00+00:00 [queued]>
[2025-04-23T13:52:16.945+0700] {taskinstance.py:2614} INFO - Dependencies all met for dep_context=requeueable deps ti=<TaskInstance: model_pipeline_v01.xgb_train scheduled__2024-10-08T00:00:00+00:00 [queued]>
[2025-04-23T13:52:16.945+0700] {taskinstance.py:2867} INFO - Starting attempt 1 of 6
[2025-04-23T13:52:17.031+0700] {taskinstance.py:2890} INFO - Executing <Task(PythonOperator): xgb_train> on 2024-10-08 00:00:00+00:00
[2025-04-23T13:52:17.055+0700] {logging_mixin.py:190} WARNING - /home/minhle/miniconda3/lib/python3.12/site-packages/airflow/task/task_runner/standard_task_runner.py:70 DeprecationWarning: This process (pid=351690) is multi-threaded, use of fork() may lead to deadlocks in the child.
[2025-04-23T13:52:17.053+0700] {standard_task_runner.py:104} INFO - Running: ['airflow', 'tasks', 'run', 'model_pipeline_v01', 'xgb_train', 'scheduled__2024-10-08T00:00:00+00:00', '--job-id', '312', '--raw', '--subdir', 'DAGS_FOLDER/model_training.py', '--cfg-path', '/tmp/tmpjmqduha9']
[2025-04-23T13:52:17.055+0700] {standard_task_runner.py:72} INFO - Started process 351745 to run task
[2025-04-23T13:52:17.055+0700] {standard_task_runner.py:105} INFO - Job 312: Subtask xgb_train
[2025-04-23T13:52:17.167+0700] {task_command.py:467} INFO - Running <TaskInstance: model_pipeline_v01.xgb_train scheduled__2024-10-08T00:00:00+00:00 [running]> on host minhle-B760M-DS3H-DDR4
[2025-04-23T13:52:17.342+0700] {taskinstance.py:3134} INFO - Exporting env vars: AIRFLOW_CTX_DAG_OWNER='minhle' AIRFLOW_CTX_DAG_ID='model_pipeline_v01' AIRFLOW_CTX_TASK_ID='xgb_train' AIRFLOW_CTX_EXECUTION_DATE='2024-10-08T00:00:00+00:00' AIRFLOW_CTX_TRY_NUMBER='1' AIRFLOW_CTX_DAG_RUN_ID='scheduled__2024-10-08T00:00:00+00:00'
[2025-04-23T13:52:17.344+0700] {taskinstance.py:732} INFO - ::endgroup::
[2025-04-23T13:52:52.714+0700] {python.py:240} INFO - Done. Returned value was: {'model_path': '/tmp/model2.pkl', 'auc': np.float64(0.9748537566348336)}
[2025-04-23T13:52:52.780+0700] {taskinstance.py:341} INFO - ::group::Post task execution logs
[2025-04-23T13:52:52.781+0700] {taskinstance.py:353} INFO - Marking task as SUCCESS. dag_id=model_pipeline_v01, task_id=xgb_train, run_id=scheduled__2024-10-08T00:00:00+00:00, execution_date=20241008T000000, start_date=20250423T065216, end_date=20250423T065252
[2025-04-23T13:52:52.994+0700] {local_task_job_runner.py:266} INFO - Task exited with return code 0
[2025-04-23T13:52:53.003+0700] {taskinstance.py:3901} INFO - 1 downstream tasks scheduled from follow-on schedule check
[2025-04-23T13:52:53.072+0700] {local_task_job_runner.py:245} INFO - ::endgroup::
