[2025-04-23T11:21:34.910+0700] {local_task_job_runner.py:123} INFO - ::group::Pre task execution logs
[2025-04-23T11:21:34.916+0700] {taskinstance.py:2614} INFO - Dependencies all met for dep_context=non-requeueable deps ti=<TaskInstance: data_pipeline_v01.transform_data scheduled__2024-10-13T00:00:00+00:00 [queued]>
[2025-04-23T11:21:34.919+0700] {taskinstance.py:2614} INFO - Dependencies all met for dep_context=requeueable deps ti=<TaskInstance: data_pipeline_v01.transform_data scheduled__2024-10-13T00:00:00+00:00 [queued]>
[2025-04-23T11:21:34.919+0700] {taskinstance.py:2867} INFO - Starting attempt 1 of 6
[2025-04-23T11:21:35.017+0700] {taskinstance.py:2890} INFO - Executing <Task(PythonOperator): transform_data> on 2024-10-13 00:00:00+00:00
[2025-04-23T11:21:35.027+0700] {standard_task_runner.py:104} INFO - Running: ['airflow', 'tasks', 'run', 'data_pipeline_v01', 'transform_data', 'scheduled__2024-10-13T00:00:00+00:00', '--job-id', '195', '--raw', '--subdir', 'DAGS_FOLDER/data_pipeline.py', '--cfg-path', '/tmp/tmpwp28gv7n']
[2025-04-23T11:21:35.028+0700] {standard_task_runner.py:105} INFO - Job 195: Subtask transform_data
[2025-04-23T11:21:35.029+0700] {logging_mixin.py:190} WARNING - /home/minhle/miniconda3/lib/python3.12/site-packages/airflow/task/task_runner/standard_task_runner.py:70 DeprecationWarning: This process (pid=310324) is multi-threaded, use of fork() may lead to deadlocks in the child.
[2025-04-23T11:21:35.030+0700] {standard_task_runner.py:72} INFO - Started process 310383 to run task
[2025-04-23T11:21:35.149+0700] {task_command.py:467} INFO - Running <TaskInstance: data_pipeline_v01.transform_data scheduled__2024-10-13T00:00:00+00:00 [running]> on host minhle-B760M-DS3H-DDR4
[2025-04-23T11:21:35.368+0700] {taskinstance.py:3134} INFO - Exporting env vars: AIRFLOW_CTX_DAG_OWNER='minhle' AIRFLOW_CTX_DAG_ID='data_pipeline_v01' AIRFLOW_CTX_TASK_ID='transform_data' AIRFLOW_CTX_EXECUTION_DATE='2024-10-13T00:00:00+00:00' AIRFLOW_CTX_TRY_NUMBER='1' AIRFLOW_CTX_DAG_RUN_ID='scheduled__2024-10-13T00:00:00+00:00'
[2025-04-23T11:21:35.371+0700] {taskinstance.py:732} INFO - ::endgroup::
[2025-04-23T11:21:35.507+0700] {logging_mixin.py:190} WARNING - /home/minhle/mlops/dags/data_pipeline.py:27 FutureWarning: Passing literal json to 'read_json' is deprecated and will be removed in a future version. To read from a literal string, wrap it in a 'StringIO' object.
[2025-04-23T11:21:35.996+0700] {logging_mixin.py:190} INFO - ✅ Got data from get_data:
[2025-04-23T11:21:36.005+0700] {logging_mixin.py:190} INFO -             user_id  age gender region_category  ... past_complaint          complaint_status               feedback churn_risk_score
0  9f420209e7d129f3   29      F            None  ...            Yes  No Information Available           Poor Website                1
1  ac6e97806267549e   50      M            None  ...            Yes  No Information Available  Poor Customer Service                1
2  a6aa19b1580eed4e   26      F            City  ...            Yes  No Information Available           Too many ads                0
3  aeee343277211c2f   63      F         Village  ...             No            Not Applicable           Too many ads                1
4  82448b5c8ce6390c   64      M            Town  ...             No            Not Applicable   Poor Product Quality                0

[5 rows x 22 columns]
[2025-04-23T11:21:36.794+0700] {taskinstance.py:3313} ERROR - Task failed with exception
Traceback (most recent call last):
  File "/home/minhle/miniconda3/lib/python3.12/site-packages/airflow/models/taskinstance.py", line 768, in _execute_task
    result = _execute_callable(context=context, **execute_callable_kwargs)
             ^^^^^^^^^^^^^^^^^^^^^^^^^^^^^^^^^^^^^^^^^^^^^^^^^^^^^^^^^^^^^
  File "/home/minhle/miniconda3/lib/python3.12/site-packages/airflow/models/taskinstance.py", line 734, in _execute_callable
    return ExecutionCallableRunner(
           ^^^^^^^^^^^^^^^^^^^^^^^^
  File "/home/minhle/miniconda3/lib/python3.12/site-packages/airflow/utils/operator_helpers.py", line 252, in run
    return self.func(*args, **kwargs)
           ^^^^^^^^^^^^^^^^^^^^^^^^^^
  File "/home/minhle/miniconda3/lib/python3.12/site-packages/airflow/models/baseoperator.py", line 424, in wrapper
    return func(self, *args, **kwargs)
           ^^^^^^^^^^^^^^^^^^^^^^^^^^^
  File "/home/minhle/miniconda3/lib/python3.12/site-packages/airflow/operators/python.py", line 238, in execute
    return_value = self.execute_callable()
                   ^^^^^^^^^^^^^^^^^^^^^^^
  File "/home/minhle/miniconda3/lib/python3.12/site-packages/airflow/operators/python.py", line 256, in execute_callable
    return runner.run(*self.op_args, **self.op_kwargs)
           ^^^^^^^^^^^^^^^^^^^^^^^^^^^^^^^^^^^^^^^^^^^
  File "/home/minhle/miniconda3/lib/python3.12/site-packages/airflow/utils/operator_helpers.py", line 252, in run
    return self.func(*args, **kwargs)
           ^^^^^^^^^^^^^^^^^^^^^^^^^^
  File "/home/minhle/mlops/dags/data_pipeline.py", line 33, in transform_data
    X_train_transformed, X_test_transformed, y_train, y_test = data_transformation.initiate_data_transformation(
                                                               ^^^^^^^^^^^^^^^^^^^^^^^^^^^^^^^^^^^^^^^^^^^^^^^^^
  File "/home/minhle/mlops/dags/component/data_transform.py", line 149, in initiate_data_transformation
    X_train_transformed.to_csv('/home/minhle/mlops/data/X_train.csv', index=False)
    ^^^^^^^^^^^^^^^^^^^^^^^^^^
AttributeError: 'numpy.ndarray' object has no attribute 'to_csv'
[2025-04-23T11:21:36.798+0700] {taskinstance.py:1226} INFO - Marking task as UP_FOR_RETRY. dag_id=data_pipeline_v01, task_id=transform_data, run_id=scheduled__2024-10-13T00:00:00+00:00, execution_date=20241013T000000, start_date=20250423T042134, end_date=20250423T042136
[2025-04-23T11:21:36.980+0700] {taskinstance.py:341} INFO - ::group::Post task execution logs
[2025-04-23T11:21:36.981+0700] {standard_task_runner.py:124} ERROR - Failed to execute job 195 for task transform_data ('numpy.ndarray' object has no attribute 'to_csv'; 310383)
Traceback (most recent call last):
  File "/home/minhle/miniconda3/lib/python3.12/site-packages/airflow/task/task_runner/standard_task_runner.py", line 117, in _start_by_fork
    ret = args.func(args, dag=self.dag)
          ^^^^^^^^^^^^^^^^^^^^^^^^^^^^^
  File "/home/minhle/miniconda3/lib/python3.12/site-packages/airflow/cli/cli_config.py", line 49, in command
    return func(*args, **kwargs)
           ^^^^^^^^^^^^^^^^^^^^^
  File "/home/minhle/miniconda3/lib/python3.12/site-packages/airflow/utils/cli.py", line 116, in wrapper
    return f(*args, **kwargs)
           ^^^^^^^^^^^^^^^^^^
  File "/home/minhle/miniconda3/lib/python3.12/site-packages/airflow/cli/commands/task_command.py", line 483, in task_run
    task_return_code = _run_task_by_selected_method(args, _dag, ti)
                       ^^^^^^^^^^^^^^^^^^^^^^^^^^^^^^^^^^^^^^^^^^^^
  File "/home/minhle/miniconda3/lib/python3.12/site-packages/airflow/cli/commands/task_command.py", line 256, in _run_task_by_selected_method
    return _run_raw_task(args, ti)
           ^^^^^^^^^^^^^^^^^^^^^^^
  File "/home/minhle/miniconda3/lib/python3.12/site-packages/airflow/cli/commands/task_command.py", line 341, in _run_raw_task
    return ti._run_raw_task(
           ^^^^^^^^^^^^^^^^^
  File "/home/minhle/miniconda3/lib/python3.12/site-packages/airflow/utils/session.py", line 97, in wrapper
    return func(*args, session=session, **kwargs)
           ^^^^^^^^^^^^^^^^^^^^^^^^^^^^^^^^^^^^^^
  File "/home/minhle/miniconda3/lib/python3.12/site-packages/airflow/models/taskinstance.py", line 3006, in _run_raw_task
    return _run_raw_task(
           ^^^^^^^^^^^^^^
  File "/home/minhle/miniconda3/lib/python3.12/site-packages/airflow/models/taskinstance.py", line 274, in _run_raw_task
    TaskInstance._execute_task_with_callbacks(
  File "/home/minhle/miniconda3/lib/python3.12/site-packages/airflow/models/taskinstance.py", line 3161, in _execute_task_with_callbacks
    result = self._execute_task(context, task_orig)
             ^^^^^^^^^^^^^^^^^^^^^^^^^^^^^^^^^^^^^^
  File "/home/minhle/miniconda3/lib/python3.12/site-packages/airflow/models/taskinstance.py", line 3185, in _execute_task
    return _execute_task(self, context, task_orig)
           ^^^^^^^^^^^^^^^^^^^^^^^^^^^^^^^^^^^^^^^
  File "/home/minhle/miniconda3/lib/python3.12/site-packages/airflow/models/taskinstance.py", line 768, in _execute_task
    result = _execute_callable(context=context, **execute_callable_kwargs)
             ^^^^^^^^^^^^^^^^^^^^^^^^^^^^^^^^^^^^^^^^^^^^^^^^^^^^^^^^^^^^^
  File "/home/minhle/miniconda3/lib/python3.12/site-packages/airflow/models/taskinstance.py", line 734, in _execute_callable
    return ExecutionCallableRunner(
           ^^^^^^^^^^^^^^^^^^^^^^^^
  File "/home/minhle/miniconda3/lib/python3.12/site-packages/airflow/utils/operator_helpers.py", line 252, in run
    return self.func(*args, **kwargs)
           ^^^^^^^^^^^^^^^^^^^^^^^^^^
  File "/home/minhle/miniconda3/lib/python3.12/site-packages/airflow/models/baseoperator.py", line 424, in wrapper
    return func(self, *args, **kwargs)
           ^^^^^^^^^^^^^^^^^^^^^^^^^^^
  File "/home/minhle/miniconda3/lib/python3.12/site-packages/airflow/operators/python.py", line 238, in execute
    return_value = self.execute_callable()
                   ^^^^^^^^^^^^^^^^^^^^^^^
  File "/home/minhle/miniconda3/lib/python3.12/site-packages/airflow/operators/python.py", line 256, in execute_callable
    return runner.run(*self.op_args, **self.op_kwargs)
           ^^^^^^^^^^^^^^^^^^^^^^^^^^^^^^^^^^^^^^^^^^^
  File "/home/minhle/miniconda3/lib/python3.12/site-packages/airflow/utils/operator_helpers.py", line 252, in run
    return self.func(*args, **kwargs)
           ^^^^^^^^^^^^^^^^^^^^^^^^^^
  File "/home/minhle/mlops/dags/data_pipeline.py", line 33, in transform_data
    X_train_transformed, X_test_transformed, y_train, y_test = data_transformation.initiate_data_transformation(
                                                               ^^^^^^^^^^^^^^^^^^^^^^^^^^^^^^^^^^^^^^^^^^^^^^^^^
  File "/home/minhle/mlops/dags/component/data_transform.py", line 149, in initiate_data_transformation
    X_train_transformed.to_csv('/home/minhle/mlops/data/X_train.csv', index=False)
    ^^^^^^^^^^^^^^^^^^^^^^^^^^
AttributeError: 'numpy.ndarray' object has no attribute 'to_csv'
[2025-04-23T11:21:37.008+0700] {local_task_job_runner.py:266} INFO - Task exited with return code 1
[2025-04-23T11:21:37.021+0700] {taskinstance.py:3901} INFO - 0 downstream tasks scheduled from follow-on schedule check
[2025-04-23T11:21:37.022+0700] {local_task_job_runner.py:245} INFO - ::endgroup::
[2025-04-23T11:21:41.871+0700] {local_task_job_runner.py:123} INFO - ::group::Pre task execution logs
[2025-04-23T11:21:41.877+0700] {taskinstance.py:2604} INFO - Dependencies not met for <TaskInstance: data_pipeline_v01.transform_data scheduled__2024-10-13T00:00:00+00:00 [up_for_retry]>, dependency 'Not In Retry Period' FAILED: Task is not ready for retry yet but will be retried automatically. Current date is 2025-04-23T04:21:41.877389+00:00 and task will be retried at 2025-04-23T04:26:36.797842+00:00.
[2025-04-23T11:21:41.877+0700] {local_task_job_runner.py:166} INFO - Task is not able to be run
[2025-04-23T11:27:27.837+0700] {local_task_job_runner.py:123} INFO - ::group::Pre task execution logs
[2025-04-23T11:27:27.844+0700] {taskinstance.py:2614} INFO - Dependencies all met for dep_context=non-requeueable deps ti=<TaskInstance: data_pipeline_v01.transform_data scheduled__2024-10-13T00:00:00+00:00 [queued]>
[2025-04-23T11:27:27.847+0700] {taskinstance.py:2614} INFO - Dependencies all met for dep_context=requeueable deps ti=<TaskInstance: data_pipeline_v01.transform_data scheduled__2024-10-13T00:00:00+00:00 [queued]>
[2025-04-23T11:27:27.847+0700] {taskinstance.py:2867} INFO - Starting attempt 1 of 6
[2025-04-23T11:27:28.164+0700] {taskinstance.py:2890} INFO - Executing <Task(PythonOperator): transform_data> on 2024-10-13 00:00:00+00:00
[2025-04-23T11:27:28.184+0700] {standard_task_runner.py:104} INFO - Running: ['airflow', 'tasks', 'run', 'data_pipeline_v01', 'transform_data', 'scheduled__2024-10-13T00:00:00+00:00', '--job-id', '197', '--raw', '--subdir', 'DAGS_FOLDER/data_pipeline.py', '--cfg-path', '/tmp/tmpwhqiy_os']
[2025-04-23T11:27:28.186+0700] {standard_task_runner.py:105} INFO - Job 197: Subtask transform_data
[2025-04-23T11:27:28.187+0700] {logging_mixin.py:190} WARNING - /home/minhle/miniconda3/lib/python3.12/site-packages/airflow/task/task_runner/standard_task_runner.py:70 DeprecationWarning: This process (pid=314878) is multi-threaded, use of fork() may lead to deadlocks in the child.
[2025-04-23T11:27:28.187+0700] {standard_task_runner.py:72} INFO - Started process 314938 to run task
[2025-04-23T11:27:28.494+0700] {task_command.py:467} INFO - Running <TaskInstance: data_pipeline_v01.transform_data scheduled__2024-10-13T00:00:00+00:00 [running]> on host minhle-B760M-DS3H-DDR4
[2025-04-23T11:27:28.722+0700] {taskinstance.py:3134} INFO - Exporting env vars: AIRFLOW_CTX_DAG_OWNER='minhle' AIRFLOW_CTX_DAG_ID='data_pipeline_v01' AIRFLOW_CTX_TASK_ID='transform_data' AIRFLOW_CTX_EXECUTION_DATE='2024-10-13T00:00:00+00:00' AIRFLOW_CTX_TRY_NUMBER='1' AIRFLOW_CTX_DAG_RUN_ID='scheduled__2024-10-13T00:00:00+00:00'
[2025-04-23T11:27:28.724+0700] {taskinstance.py:732} INFO - ::endgroup::
[2025-04-23T11:27:28.845+0700] {logging_mixin.py:190} WARNING - /home/minhle/mlops/dags/data_pipeline.py:27 FutureWarning: Passing literal json to 'read_json' is deprecated and will be removed in a future version. To read from a literal string, wrap it in a 'StringIO' object.
[2025-04-23T11:27:29.338+0700] {logging_mixin.py:190} INFO - ✅ Got data from get_data:
[2025-04-23T11:27:29.347+0700] {logging_mixin.py:190} INFO -             user_id  age gender region_category  ... past_complaint          complaint_status               feedback churn_risk_score
0  9f420209e7d129f3   29      F            None  ...            Yes  No Information Available           Poor Website                1
1  ac6e97806267549e   50      M            None  ...            Yes  No Information Available  Poor Customer Service                1
2  a6aa19b1580eed4e   26      F            City  ...            Yes  No Information Available           Too many ads                0
3  aeee343277211c2f   63      F         Village  ...             No            Not Applicable           Too many ads                1
4  82448b5c8ce6390c   64      M            Town  ...             No            Not Applicable   Poor Product Quality                0

[5 rows x 22 columns]
[2025-04-23T11:27:30.159+0700] {taskinstance.py:3313} ERROR - Task failed with exception
Traceback (most recent call last):
  File "/home/minhle/miniconda3/lib/python3.12/site-packages/airflow/models/taskinstance.py", line 768, in _execute_task
    result = _execute_callable(context=context, **execute_callable_kwargs)
             ^^^^^^^^^^^^^^^^^^^^^^^^^^^^^^^^^^^^^^^^^^^^^^^^^^^^^^^^^^^^^
  File "/home/minhle/miniconda3/lib/python3.12/site-packages/airflow/models/taskinstance.py", line 734, in _execute_callable
    return ExecutionCallableRunner(
           ^^^^^^^^^^^^^^^^^^^^^^^^
  File "/home/minhle/miniconda3/lib/python3.12/site-packages/airflow/utils/operator_helpers.py", line 252, in run
    return self.func(*args, **kwargs)
           ^^^^^^^^^^^^^^^^^^^^^^^^^^
  File "/home/minhle/miniconda3/lib/python3.12/site-packages/airflow/models/baseoperator.py", line 424, in wrapper
    return func(self, *args, **kwargs)
           ^^^^^^^^^^^^^^^^^^^^^^^^^^^
  File "/home/minhle/miniconda3/lib/python3.12/site-packages/airflow/operators/python.py", line 238, in execute
    return_value = self.execute_callable()
                   ^^^^^^^^^^^^^^^^^^^^^^^
  File "/home/minhle/miniconda3/lib/python3.12/site-packages/airflow/operators/python.py", line 256, in execute_callable
    return runner.run(*self.op_args, **self.op_kwargs)
           ^^^^^^^^^^^^^^^^^^^^^^^^^^^^^^^^^^^^^^^^^^^
  File "/home/minhle/miniconda3/lib/python3.12/site-packages/airflow/utils/operator_helpers.py", line 252, in run
    return self.func(*args, **kwargs)
           ^^^^^^^^^^^^^^^^^^^^^^^^^^
  File "/home/minhle/mlops/dags/data_pipeline.py", line 33, in transform_data
    X_train_transformed, X_test_transformed, y_train, y_test = data_transformation.initiate_data_transformation(
                                                               ^^^^^^^^^^^^^^^^^^^^^^^^^^^^^^^^^^^^^^^^^^^^^^^^^
  File "/home/minhle/mlops/dags/component/data_transform.py", line 149, in initiate_data_transformation
    X_train_transformed.to_csv('/home/minhle/mlops/data/X_train.csv', index=False)
    ^^^^^^^^^^^^^^^^^^^^^^^^^^
AttributeError: 'numpy.ndarray' object has no attribute 'to_csv'
[2025-04-23T11:27:30.163+0700] {taskinstance.py:1226} INFO - Marking task as UP_FOR_RETRY. dag_id=data_pipeline_v01, task_id=transform_data, run_id=scheduled__2024-10-13T00:00:00+00:00, execution_date=20241013T000000, start_date=20250423T042727, end_date=20250423T042730
[2025-04-23T11:27:30.779+0700] {taskinstance.py:341} INFO - ::group::Post task execution logs
[2025-04-23T11:27:30.780+0700] {standard_task_runner.py:124} ERROR - Failed to execute job 197 for task transform_data ('numpy.ndarray' object has no attribute 'to_csv'; 314938)
Traceback (most recent call last):
  File "/home/minhle/miniconda3/lib/python3.12/site-packages/airflow/task/task_runner/standard_task_runner.py", line 117, in _start_by_fork
    ret = args.func(args, dag=self.dag)
          ^^^^^^^^^^^^^^^^^^^^^^^^^^^^^
  File "/home/minhle/miniconda3/lib/python3.12/site-packages/airflow/cli/cli_config.py", line 49, in command
    return func(*args, **kwargs)
           ^^^^^^^^^^^^^^^^^^^^^
  File "/home/minhle/miniconda3/lib/python3.12/site-packages/airflow/utils/cli.py", line 116, in wrapper
    return f(*args, **kwargs)
           ^^^^^^^^^^^^^^^^^^
  File "/home/minhle/miniconda3/lib/python3.12/site-packages/airflow/cli/commands/task_command.py", line 483, in task_run
    task_return_code = _run_task_by_selected_method(args, _dag, ti)
                       ^^^^^^^^^^^^^^^^^^^^^^^^^^^^^^^^^^^^^^^^^^^^
  File "/home/minhle/miniconda3/lib/python3.12/site-packages/airflow/cli/commands/task_command.py", line 256, in _run_task_by_selected_method
    return _run_raw_task(args, ti)
           ^^^^^^^^^^^^^^^^^^^^^^^
  File "/home/minhle/miniconda3/lib/python3.12/site-packages/airflow/cli/commands/task_command.py", line 341, in _run_raw_task
    return ti._run_raw_task(
           ^^^^^^^^^^^^^^^^^
  File "/home/minhle/miniconda3/lib/python3.12/site-packages/airflow/utils/session.py", line 97, in wrapper
    return func(*args, session=session, **kwargs)
           ^^^^^^^^^^^^^^^^^^^^^^^^^^^^^^^^^^^^^^
  File "/home/minhle/miniconda3/lib/python3.12/site-packages/airflow/models/taskinstance.py", line 3006, in _run_raw_task
    return _run_raw_task(
           ^^^^^^^^^^^^^^
  File "/home/minhle/miniconda3/lib/python3.12/site-packages/airflow/models/taskinstance.py", line 274, in _run_raw_task
    TaskInstance._execute_task_with_callbacks(
  File "/home/minhle/miniconda3/lib/python3.12/site-packages/airflow/models/taskinstance.py", line 3161, in _execute_task_with_callbacks
    result = self._execute_task(context, task_orig)
             ^^^^^^^^^^^^^^^^^^^^^^^^^^^^^^^^^^^^^^
  File "/home/minhle/miniconda3/lib/python3.12/site-packages/airflow/models/taskinstance.py", line 3185, in _execute_task
    return _execute_task(self, context, task_orig)
           ^^^^^^^^^^^^^^^^^^^^^^^^^^^^^^^^^^^^^^^
  File "/home/minhle/miniconda3/lib/python3.12/site-packages/airflow/models/taskinstance.py", line 768, in _execute_task
    result = _execute_callable(context=context, **execute_callable_kwargs)
             ^^^^^^^^^^^^^^^^^^^^^^^^^^^^^^^^^^^^^^^^^^^^^^^^^^^^^^^^^^^^^
  File "/home/minhle/miniconda3/lib/python3.12/site-packages/airflow/models/taskinstance.py", line 734, in _execute_callable
    return ExecutionCallableRunner(
           ^^^^^^^^^^^^^^^^^^^^^^^^
  File "/home/minhle/miniconda3/lib/python3.12/site-packages/airflow/utils/operator_helpers.py", line 252, in run
    return self.func(*args, **kwargs)
           ^^^^^^^^^^^^^^^^^^^^^^^^^^
  File "/home/minhle/miniconda3/lib/python3.12/site-packages/airflow/models/baseoperator.py", line 424, in wrapper
    return func(self, *args, **kwargs)
           ^^^^^^^^^^^^^^^^^^^^^^^^^^^
  File "/home/minhle/miniconda3/lib/python3.12/site-packages/airflow/operators/python.py", line 238, in execute
    return_value = self.execute_callable()
                   ^^^^^^^^^^^^^^^^^^^^^^^
  File "/home/minhle/miniconda3/lib/python3.12/site-packages/airflow/operators/python.py", line 256, in execute_callable
    return runner.run(*self.op_args, **self.op_kwargs)
           ^^^^^^^^^^^^^^^^^^^^^^^^^^^^^^^^^^^^^^^^^^^
  File "/home/minhle/miniconda3/lib/python3.12/site-packages/airflow/utils/operator_helpers.py", line 252, in run
    return self.func(*args, **kwargs)
           ^^^^^^^^^^^^^^^^^^^^^^^^^^
  File "/home/minhle/mlops/dags/data_pipeline.py", line 33, in transform_data
    X_train_transformed, X_test_transformed, y_train, y_test = data_transformation.initiate_data_transformation(
                                                               ^^^^^^^^^^^^^^^^^^^^^^^^^^^^^^^^^^^^^^^^^^^^^^^^^
  File "/home/minhle/mlops/dags/component/data_transform.py", line 149, in initiate_data_transformation
    X_train_transformed.to_csv('/home/minhle/mlops/data/X_train.csv', index=False)
    ^^^^^^^^^^^^^^^^^^^^^^^^^^
AttributeError: 'numpy.ndarray' object has no attribute 'to_csv'
[2025-04-23T11:27:30.806+0700] {local_task_job_runner.py:266} INFO - Task exited with return code 1
[2025-04-23T11:27:31.179+0700] {taskinstance.py:3901} INFO - 0 downstream tasks scheduled from follow-on schedule check
[2025-04-23T11:27:31.179+0700] {local_task_job_runner.py:245} INFO - ::endgroup::
