[2025-04-23T13:44:18.443+0700] {local_task_job_runner.py:123} INFO - ::group::Pre task execution logs
[2025-04-23T13:44:18.448+0700] {taskinstance.py:2614} INFO - Dependencies all met for dep_context=non-requeueable deps ti=<TaskInstance: model_pipeline_v01.xgb_train scheduled__2024-10-06T00:00:00+00:00 [queued]>
[2025-04-23T13:44:18.451+0700] {taskinstance.py:2614} INFO - Dependencies all met for dep_context=requeueable deps ti=<TaskInstance: model_pipeline_v01.xgb_train scheduled__2024-10-06T00:00:00+00:00 [queued]>
[2025-04-23T13:44:18.452+0700] {taskinstance.py:2867} INFO - Starting attempt 1 of 6
[2025-04-23T13:44:18.587+0700] {taskinstance.py:2890} INFO - Executing <Task(PythonOperator): xgb_train> on 2024-10-06 00:00:00+00:00
[2025-04-23T13:44:18.601+0700] {logging_mixin.py:190} WARNING - /home/minhle/miniconda3/lib/python3.12/site-packages/airflow/task/task_runner/standard_task_runner.py:70 DeprecationWarning: This process (pid=344071) is multi-threaded, use of fork() may lead to deadlocks in the child.
[2025-04-23T13:44:18.601+0700] {standard_task_runner.py:72} INFO - Started process 344126 to run task
[2025-04-23T13:44:18.600+0700] {standard_task_runner.py:104} INFO - Running: ['airflow', 'tasks', 'run', 'model_pipeline_v01', 'xgb_train', 'scheduled__2024-10-06T00:00:00+00:00', '--job-id', '301', '--raw', '--subdir', 'DAGS_FOLDER/model_training.py', '--cfg-path', '/tmp/tmpu51v9klj']
[2025-04-23T13:44:18.602+0700] {standard_task_runner.py:105} INFO - Job 301: Subtask xgb_train
[2025-04-23T13:44:18.685+0700] {task_command.py:467} INFO - Running <TaskInstance: model_pipeline_v01.xgb_train scheduled__2024-10-06T00:00:00+00:00 [running]> on host minhle-B760M-DS3H-DDR4
[2025-04-23T13:44:18.843+0700] {taskinstance.py:3134} INFO - Exporting env vars: AIRFLOW_CTX_DAG_OWNER='minhle' AIRFLOW_CTX_DAG_ID='model_pipeline_v01' AIRFLOW_CTX_TASK_ID='xgb_train' AIRFLOW_CTX_EXECUTION_DATE='2024-10-06T00:00:00+00:00' AIRFLOW_CTX_TRY_NUMBER='1' AIRFLOW_CTX_DAG_RUN_ID='scheduled__2024-10-06T00:00:00+00:00'
[2025-04-23T13:44:18.845+0700] {taskinstance.py:732} INFO - ::endgroup::
[2025-04-23T13:44:56.090+0700] {python.py:240} INFO - Done. Returned value was: {'model_path': '/tmp/model2.pkl', 'auc': np.float64(0.9746376946606199)}
[2025-04-23T13:44:56.193+0700] {taskinstance.py:341} INFO - ::group::Post task execution logs
[2025-04-23T13:44:56.194+0700] {taskinstance.py:353} INFO - Marking task as SUCCESS. dag_id=model_pipeline_v01, task_id=xgb_train, run_id=scheduled__2024-10-06T00:00:00+00:00, execution_date=20241006T000000, start_date=20250423T064418, end_date=20250423T064456
[2025-04-23T13:44:56.653+0700] {local_task_job_runner.py:266} INFO - Task exited with return code 0
[2025-04-23T13:44:56.669+0700] {taskinstance.py:3901} INFO - 1 downstream tasks scheduled from follow-on schedule check
[2025-04-23T13:44:56.751+0700] {local_task_job_runner.py:245} INFO - ::endgroup::
[2025-04-23T13:49:00.686+0700] {local_task_job_runner.py:123} INFO - ::group::Pre task execution logs
[2025-04-23T13:49:00.701+0700] {taskinstance.py:2614} INFO - Dependencies all met for dep_context=non-requeueable deps ti=<TaskInstance: model_pipeline_v01.xgb_train scheduled__2024-10-06T00:00:00+00:00 [queued]>
[2025-04-23T13:49:00.703+0700] {taskinstance.py:2614} INFO - Dependencies all met for dep_context=requeueable deps ti=<TaskInstance: model_pipeline_v01.xgb_train scheduled__2024-10-06T00:00:00+00:00 [queued]>
[2025-04-23T13:49:00.703+0700] {taskinstance.py:2867} INFO - Starting attempt 1 of 6
[2025-04-23T13:49:00.804+0700] {taskinstance.py:2890} INFO - Executing <Task(PythonOperator): xgb_train> on 2024-10-06 00:00:00+00:00
[2025-04-23T13:49:00.829+0700] {logging_mixin.py:190} WARNING - /home/minhle/miniconda3/lib/python3.12/site-packages/airflow/task/task_runner/standard_task_runner.py:70 DeprecationWarning: This process (pid=348547) is multi-threaded, use of fork() may lead to deadlocks in the child.
[2025-04-23T13:49:00.827+0700] {standard_task_runner.py:104} INFO - Running: ['airflow', 'tasks', 'run', 'model_pipeline_v01', 'xgb_train', 'scheduled__2024-10-06T00:00:00+00:00', '--job-id', '301', '--raw', '--subdir', 'DAGS_FOLDER/model_training.py', '--cfg-path', '/tmp/tmppfdyi1mb']
[2025-04-23T13:49:00.830+0700] {standard_task_runner.py:72} INFO - Started process 348618 to run task
[2025-04-23T13:49:00.830+0700] {standard_task_runner.py:105} INFO - Job 301: Subtask xgb_train
[2025-04-23T13:49:00.940+0700] {task_command.py:467} INFO - Running <TaskInstance: model_pipeline_v01.xgb_train scheduled__2024-10-06T00:00:00+00:00 [running]> on host minhle-B760M-DS3H-DDR4
[2025-04-23T13:49:01.115+0700] {taskinstance.py:3134} INFO - Exporting env vars: AIRFLOW_CTX_DAG_OWNER='minhle' AIRFLOW_CTX_DAG_ID='model_pipeline_v01' AIRFLOW_CTX_TASK_ID='xgb_train' AIRFLOW_CTX_EXECUTION_DATE='2024-10-06T00:00:00+00:00' AIRFLOW_CTX_TRY_NUMBER='1' AIRFLOW_CTX_DAG_RUN_ID='scheduled__2024-10-06T00:00:00+00:00'
[2025-04-23T13:49:01.117+0700] {taskinstance.py:732} INFO - ::endgroup::
[2025-04-23T13:49:37.383+0700] {python.py:240} INFO - Done. Returned value was: {'model_path': '/tmp/model2.pkl', 'auc': np.float64(0.9745515023654198)}
[2025-04-23T13:49:37.576+0700] {taskinstance.py:341} INFO - ::group::Post task execution logs
[2025-04-23T13:49:37.577+0700] {taskinstance.py:353} INFO - Marking task as SUCCESS. dag_id=model_pipeline_v01, task_id=xgb_train, run_id=scheduled__2024-10-06T00:00:00+00:00, execution_date=20241006T000000, start_date=20250423T064900, end_date=20250423T064937
[2025-04-23T13:49:37.795+0700] {local_task_job_runner.py:266} INFO - Task exited with return code 0
[2025-04-23T13:49:37.802+0700] {taskinstance.py:3901} INFO - 1 downstream tasks scheduled from follow-on schedule check
[2025-04-23T13:49:37.888+0700] {local_task_job_runner.py:245} INFO - ::endgroup::
