[2025-04-23T13:51:55.176+0700] {local_task_job_runner.py:123} INFO - ::group::Pre task execution logs
[2025-04-23T13:51:55.183+0700] {taskinstance.py:2614} INFO - Dependencies all met for dep_context=non-requeueable deps ti=<TaskInstance: model_pipeline_v01.evaluate_model manual__2025-04-23T06:48:37.258545+00:00 [queued]>
[2025-04-23T13:51:55.186+0700] {taskinstance.py:2614} INFO - Dependencies all met for dep_context=requeueable deps ti=<TaskInstance: model_pipeline_v01.evaluate_model manual__2025-04-23T06:48:37.258545+00:00 [queued]>
[2025-04-23T13:51:55.187+0700] {taskinstance.py:2867} INFO - Starting attempt 1 of 6
[2025-04-23T13:51:55.256+0700] {taskinstance.py:2890} INFO - Executing <Task(PythonOperator): evaluate_model> on 2025-04-23 06:48:37.258545+00:00
[2025-04-23T13:51:55.269+0700] {logging_mixin.py:190} WARNING - /home/minhle/miniconda3/lib/python3.12/site-packages/airflow/task/task_runner/standard_task_runner.py:70 DeprecationWarning: This process (pid=351248) is multi-threaded, use of fork() may lead to deadlocks in the child.
[2025-04-23T13:51:55.268+0700] {standard_task_runner.py:104} INFO - Running: ['airflow', 'tasks', 'run', 'model_pipeline_v01', 'evaluate_model', 'manual__2025-04-23T06:48:37.258545+00:00', '--job-id', '310', '--raw', '--subdir', 'DAGS_FOLDER/model_training.py', '--cfg-path', '/tmp/tmpd7voprfj']
[2025-04-23T13:51:55.269+0700] {standard_task_runner.py:105} INFO - Job 310: Subtask evaluate_model
[2025-04-23T13:51:55.269+0700] {standard_task_runner.py:72} INFO - Started process 351346 to run task
[2025-04-23T13:51:55.369+0700] {task_command.py:467} INFO - Running <TaskInstance: model_pipeline_v01.evaluate_model manual__2025-04-23T06:48:37.258545+00:00 [running]> on host minhle-B760M-DS3H-DDR4
[2025-04-23T13:51:55.537+0700] {taskinstance.py:3134} INFO - Exporting env vars: AIRFLOW_CTX_DAG_OWNER='minhle' AIRFLOW_CTX_DAG_ID='model_pipeline_v01' AIRFLOW_CTX_TASK_ID='evaluate_model' AIRFLOW_CTX_EXECUTION_DATE='2025-04-23T06:48:37.258545+00:00' AIRFLOW_CTX_TRY_NUMBER='1' AIRFLOW_CTX_DAG_RUN_ID='manual__2025-04-23T06:48:37.258545+00:00'
[2025-04-23T13:51:55.539+0700] {taskinstance.py:732} INFO - ::endgroup::
[2025-04-23T13:51:55.623+0700] {logging_mixin.py:190} INFO - Classification Report:
[2025-04-23T13:51:55.624+0700] {logging_mixin.py:190} INFO -                precision    recall  f1-score   support

           0       0.93      0.92      0.93      5061
           1       0.94      0.95      0.94      6042

    accuracy                           0.94     11103
   macro avg       0.94      0.93      0.93     11103
weighted avg       0.94      0.94      0.94     11103
[2025-04-23T13:51:55.624+0700] {logging_mixin.py:190} INFO - Confusion Matrix:
[2025-04-23T13:51:55.625+0700] {logging_mixin.py:190} INFO -  [[4669  392]
 [ 325 5717]]
[2025-04-23T13:51:55.625+0700] {logging_mixin.py:190} INFO - Evaluation results:
Accuracy: 0.9354228586868414, Precision: 0.9354173645289181, Recall: 0.9354228586868414, F1: 0.935385746136013, ROC AUC: 0.9785021937918468, PR AUC: 0.9695492108976044
[2025-04-23T13:51:55.625+0700] {python.py:240} INFO - Done. Returned value was: None
[2025-04-23T13:51:55.627+0700] {taskinstance.py:341} INFO - ::group::Post task execution logs
[2025-04-23T13:51:55.627+0700] {taskinstance.py:353} INFO - Marking task as SUCCESS. dag_id=model_pipeline_v01, task_id=evaluate_model, run_id=manual__2025-04-23T06:48:37.258545+00:00, execution_date=20250423T064837, start_date=20250423T065155, end_date=20250423T065155
[2025-04-23T13:51:55.803+0700] {local_task_job_runner.py:266} INFO - Task exited with return code 0
[2025-04-23T13:51:55.822+0700] {taskinstance.py:3901} INFO - 0 downstream tasks scheduled from follow-on schedule check
[2025-04-23T13:51:55.822+0700] {local_task_job_runner.py:245} INFO - ::endgroup::
